Archive member included because of file (symbol)

d:/backupc/altera/12.1/nios2eds/bin/gnu/h-i686-mingw32/bin/../lib/gcc/nios2-elf/4.1.2\libgcc.a(lib2-divmod.o)
                              obj/default/hello_world.o (__divsi3)
d:/backupc/altera/12.1/nios2eds/bin/gnu/h-i686-mingw32/bin/../lib/gcc/nios2-elf/4.1.2/../../../../nios2-elf/lib\libc.a(lib_a-puts.o)
                              obj/default/hello_world.o (puts)
d:/backupc/altera/12.1/nios2eds/bin/gnu/h-i686-mingw32/bin/../lib/gcc/nios2-elf/4.1.2/../../../../nios2-elf/lib\libc.a(lib_a-strlen.o)
                              d:/backupc/altera/12.1/nios2eds/bin/gnu/h-i686-mingw32/bin/../lib/gcc/nios2-elf/4.1.2/../../../../nios2-elf/lib\libc.a(lib_a-puts.o) (strlen)
d:/backupc/altera/12.1/nios2eds/bin/gnu/h-i686-mingw32/bin/../lib/gcc/nios2-elf/4.1.2/../../../../nios2-elf/lib\libc.a(lib_a-fvwrite.o)
                              d:/backupc/altera/12.1/nios2eds/bin/gnu/h-i686-mingw32/bin/../lib/gcc/nios2-elf/4.1.2/../../../../nios2-elf/lib\libc.a(lib_a-puts.o) (__sfvwrite_r)
d:/backupc/altera/12.1/nios2eds/bin/gnu/h-i686-mingw32/bin/../lib/gcc/nios2-elf/4.1.2/../../../../nios2-elf/lib\libc.a(lib_a-impure.o)
                              d:/backupc/altera/12.1/nios2eds/bin/gnu/h-i686-mingw32/bin/../lib/gcc/nios2-elf/4.1.2/../../../../nios2-elf/lib\libc.a(lib_a-puts.o) (_impure_ptr)
d:/backupc/altera/12.1/nios2eds/bin/gnu/h-i686-mingw32/bin/../lib/gcc/nios2-elf/4.1.2/../../../../nios2-elf/lib\libc.a(lib_a-mallocr.o)
                              d:/backupc/altera/12.1/nios2eds/bin/gnu/h-i686-mingw32/bin/../lib/gcc/nios2-elf/4.1.2/../../../../nios2-elf/lib\libc.a(lib_a-fvwrite.o) (_malloc_r)
d:/backupc/altera/12.1/nios2eds/bin/gnu/h-i686-mingw32/bin/../lib/gcc/nios2-elf/4.1.2/../../../../nios2-elf/lib\libc.a(lib_a-memchr.o)
                              d:/backupc/altera/12.1/nios2eds/bin/gnu/h-i686-mingw32/bin/../lib/gcc/nios2-elf/4.1.2/../../../../nios2-elf/lib\libc.a(lib_a-fvwrite.o) (memchr)
d:/backupc/altera/12.1/nios2eds/bin/gnu/h-i686-mingw32/bin/../lib/gcc/nios2-elf/4.1.2/../../../../nios2-elf/lib\libc.a(lib_a-memcpy.o)
                              d:/backupc/altera/12.1/nios2eds/bin/gnu/h-i686-mingw32/bin/../lib/gcc/nios2-elf/4.1.2/../../../../nios2-elf/lib\libc.a(lib_a-fvwrite.o) (memcpy)
d:/backupc/altera/12.1/nios2eds/bin/gnu/h-i686-mingw32/bin/../lib/gcc/nios2-elf/4.1.2/../../../../nios2-elf/lib\libc.a(lib_a-memmove.o)
                              d:/backupc/altera/12.1/nios2eds/bin/gnu/h-i686-mingw32/bin/../lib/gcc/nios2-elf/4.1.2/../../../../nios2-elf/lib\libc.a(lib_a-fvwrite.o) (memmove)
d:/backupc/altera/12.1/nios2eds/bin/gnu/h-i686-mingw32/bin/../lib/gcc/nios2-elf/4.1.2/../../../../nios2-elf/lib\libc.a(lib_a-reallocr.o)
                              d:/backupc/altera/12.1/nios2eds/bin/gnu/h-i686-mingw32/bin/../lib/gcc/nios2-elf/4.1.2/../../../../nios2-elf/lib\libc.a(lib_a-fvwrite.o) (_realloc_r)
d:/backupc/altera/12.1/nios2eds/bin/gnu/h-i686-mingw32/bin/../lib/gcc/nios2-elf/4.1.2/../../../../nios2-elf/lib\libc.a(lib_a-sbrkr.o)
                              d:/backupc/altera/12.1/nios2eds/bin/gnu/h-i686-mingw32/bin/../lib/gcc/nios2-elf/4.1.2/../../../../nios2-elf/lib\libc.a(lib_a-mallocr.o) (_sbrk_r)
d:/backupc/altera/12.1/nios2eds/bin/gnu/h-i686-mingw32/bin/../lib/gcc/nios2-elf/4.1.2/../../../../nios2-elf/lib\libc.a(lib_a-wsetup.o)
                              d:/backupc/altera/12.1/nios2eds/bin/gnu/h-i686-mingw32/bin/../lib/gcc/nios2-elf/4.1.2/../../../../nios2-elf/lib\libc.a(lib_a-fvwrite.o) (__swsetup_r)
d:/backupc/altera/12.1/nios2eds/bin/gnu/h-i686-mingw32/bin/../lib/gcc/nios2-elf/4.1.2/../../../../nios2-elf/lib\libc.a(lib_a-fflush.o)
                              d:/backupc/altera/12.1/nios2eds/bin/gnu/h-i686-mingw32/bin/../lib/gcc/nios2-elf/4.1.2/../../../../nios2-elf/lib\libc.a(lib_a-fvwrite.o) (_fflush_r)
d:/backupc/altera/12.1/nios2eds/bin/gnu/h-i686-mingw32/bin/../lib/gcc/nios2-elf/4.1.2/../../../../nios2-elf/lib\libc.a(lib_a-findfp.o)
                              d:/backupc/altera/12.1/nios2eds/bin/gnu/h-i686-mingw32/bin/../lib/gcc/nios2-elf/4.1.2/../../../../nios2-elf/lib\libc.a(lib_a-wsetup.o) (__sinit)
d:/backupc/altera/12.1/nios2eds/bin/gnu/h-i686-mingw32/bin/../lib/gcc/nios2-elf/4.1.2/../../../../nios2-elf/lib\libc.a(lib_a-freer.o)
                              d:/backupc/altera/12.1/nios2eds/bin/gnu/h-i686-mingw32/bin/../lib/gcc/nios2-elf/4.1.2/../../../../nios2-elf/lib\libc.a(lib_a-fvwrite.o) (_free_r)
d:/backupc/altera/12.1/nios2eds/bin/gnu/h-i686-mingw32/bin/../lib/gcc/nios2-elf/4.1.2/../../../../nios2-elf/lib\libc.a(lib_a-fwalk.o)
                              d:/backupc/altera/12.1/nios2eds/bin/gnu/h-i686-mingw32/bin/../lib/gcc/nios2-elf/4.1.2/../../../../nios2-elf/lib\libc.a(lib_a-fflush.o) (_fwalk_reent)
d:/backupc/altera/12.1/nios2eds/bin/gnu/h-i686-mingw32/bin/../lib/gcc/nios2-elf/4.1.2/../../../../nios2-elf/lib\libc.a(lib_a-int_errno.o)
[...]
Memory Configuration

Name             Origin             Length             Attributes
reset            0x00040000         0x00000020
onchip_memory2   0x00040020         0x00031fe0
*default*        0x00000000         0xffffffff

Linker script and memory map

LOAD ../Altera_lab3_bsp//obj/HAL/src/crt0.o
LOAD obj/default/hello_world.o
LOAD d:/backupc/altera/12.1/nios2eds/bin/gnu/h-i686-mingw32/bin/../lib/gcc/nios2-elf/4.1.2/../../../../nios2-elf/lib\libstdc++.a
LOAD d:/backupc/altera/12.1/nios2eds/bin/gnu/h-i686-mingw32/bin/../lib/gcc/nios2-elf/4.1.2/../../../../nios2-elf/lib\libm.a
LOAD d:/backupc/altera/12.1/nios2eds/bin/gnu/h-i686-mingw32/bin/../lib/gcc/nios2-elf/4.1.2\libgcc.a
START GROUP
LOAD d:/backupc/altera/12.1/nios2eds/bin/gnu/h-i686-mingw32/bin/../lib/gcc/nios2-elf/4.1.2/../../../../nios2-elf/lib\libc.a
LOAD d:/backupc/altera/12.1/nios2eds/bin/gnu/h-i686-mingw32/bin/../lib/gcc/nios2-elf/4.1.2\libgcc.a
LOAD ../Altera_lab3_bsp/\libhal_bsp.a
END GROUP
LOAD d:/backupc/altera/12.1/nios2eds/bin/gnu/h-i686-mingw32/bin/../lib/gcc/nios2-elf/4.1.2\libgcc.a
                0x00040000                __alt_mem_onchip_memory2 = 0x40000

.entry          0x00040000       0x20
 *(.entry)
 .entry         0x00040000       0x20 ../Altera_lab3_bsp//obj/HAL/src/crt0.o
                0x00040000                __reset

.exceptions     0x00040020      0x194
                0x00040020                PROVIDE (__ram_exceptions_start, ABSOLUTE (.))
                0x00040020                . = ALIGN (0x20)
 *(.irq)
 *(.exceptions.entry.label)
 .exceptions.entry.label
                0x00040020        0x0 ../Altera_lab3_bsp/\libhal_bsp.a(alt_irq_entry.o)
                0x00040020                alt_irq_entry
 .exceptions.entry.label
                0x00040020        0x0 ../Altera_lab3_bsp/\libhal_bsp.a(alt_exception_entry.o)
                0x00040020                alt_exception
 *(.exceptions.entry.user)
 *(.exceptions.entry)
 .exceptions.entry
                0x00040020       0x54 ../Altera_lab3_bsp/\libhal_bsp.a(alt_exception_entry.o)
 *(.exceptions.irqtest.user)
 *(.exceptions.irqtest)
 .exceptions.irqtest
                0x00040074       0x10 ../Altera_lab3_bsp/\libhal_bsp.a(alt_irq_entry.o)
 *(.exceptions.irqhandler.user)
 *(.exceptions.irqhandler)
 .exceptions.irqhandler
                0x00040084        0x4 ../Altera_lab3_bsp/\libhal_bsp.a(alt_irq_entry.o)
 *(.exceptions.irqreturn.user)
 *(.exceptions.irqreturn)
 .exceptions.irqreturn
                0x00040088        0x4 ../Altera_lab3_bsp/\libhal_bsp.a(alt_irq_entry.o)
 *(.exceptions.notirq.label)
 .exceptions.notirq.label
                0x0004008c        0x0 ../Altera_lab3_bsp/\libhal_bsp.a(alt_irq_entry.o)
 *(.exceptions.notirq.user)
 *(.exceptions.notirq)
 .exceptions.notirq
                0x0004008c        0x8 ../Altera_lab3_bsp/\libhal_bsp.a(alt_exception_entry.o)
 *(.exceptions.soft.user)
 *(.exceptions.soft)
 *(.exceptions.unknown.user)
 *(.exceptions.unknown)
 .exceptions.unknown
                0x00040094        0x4 ../Altera_lab3_bsp/\libhal_bsp.a(alt_exception_entry.o)
 *(.exceptions.exit.label)
 .exceptions.exit.label
                0x00040098        0x0 ../Altera_lab3_bsp/\libhal_bsp.a(alt_irq_entry.o)
 .exceptions.exit.label
                0x00040098        0x0 ../Altera_lab3_bsp/\libhal_bsp.a(alt_exception_entry.o)
 *(.exceptions.exit.user)
 *(.exceptions.exit)
 .exceptions.exit
                0x00040098       0x54 ../Altera_lab3_bsp/\libhal_bsp.a(alt_exception_entry.o)
 *(.exceptions)
 .exceptions    0x000400ec       0xc8 ../Altera_lab3_bsp/\libhal_bsp.a(alt_irq_handler.o)
                0x000400ec                alt_irq_handler
                0x000401b4                PROVIDE (__ram_exceptions_end, ABSOLUTE (.))
                0x00040020                PROVIDE (__flash_exceptions_start, LOADADDR (.exceptions))

.text           0x000401b4     0x55ac
                0x000401b4                PROVIDE (stext, ABSOLUTE (.))
 *(.interp)
 *(.hash)
 *(.dynsym)
 *(.dynstr)
 *(.gnu.version)
 *(.gnu.version_d)
 *(.gnu.version_r)
 *(.rel.init)
 *(.rela.init)
 *(.rel.text .rel.text.* .rel.gnu.linkonce.t.*)
 *(.rela.text .rela.text.* .rela.gnu.linkonce.t.*)
 *(.rel.fini)
 *(.rela.fini)
 *(.rel.rodata .rel.rodata.* .rel.gnu.linkonce.r.*)
 *(.rela.rodata .rela.rodata.* .rela.gnu.linkonce.r.*)
 *(.rel.data .rel.data.* .rel.gnu.linkonce.d.*)
 *(.rela.data .rela.data.* .rela.gnu.linkonce.d.*)
 *(.rel.tdata .rel.tdata.* .rel.gnu.linkonce.td.*)
 *(.rela.tdata .rela.tdata.* .rela.gnu.linkonce.td.*)
 *(.rel.tbss .rel.tbss.* .rel.gnu.linkonce.tb.*)
 *(.rela.tbss .rela.tbss.* .rela.gnu.linkonce.tb.*)
 *(.rel.ctors)
 *(.rela.ctors)
 *(.rel.dtors)
 *(.rela.dtors)
 *(.rel.got)
 *(.rela.got)
 *(.rel.sdata .rel.sdata.* .rel.gnu.linkonce.s.*)
 *(.rela.sdata .rela.sdata.* .rela.gnu.linkonce.s.*)
 *(.rel.sbss .rel.sbss.* .rel.gnu.linkonce.sb.*)
 *(.rela.sbss .rela.sbss.* .rela.gnu.linkonce.sb.*)
 *(.rel.sdata2 .rel.sdata2.* .rel.gnu.linkonce.s2.*)
 *(.rela.sdata2 .rela.sdata2.* .rela.gnu.linkonce.s2.*)
 *(.rel.sbss2 .rel.sbss2.* .rel.gnu.linkonce.sb2.*)
 *(.rela.sbss2 .rela.sbss2.* .rela.gnu.linkonce.sb2.*)
 *(.rel.bss .rel.bss.* .rel.gnu.linkonce.b.*)
 *(.rela.bss .rela.bss.* .rela.gnu.linkonce.b.*)
 *(.rel.plt)
 *(.rela.plt)
 *(.rel.dyn)
 *(.init)
 *(.plt)
 *(.text .stub .text.* .gnu.linkonce.t.*)
 .text          0x000401b4       0x4c ../Altera_lab3_bsp//obj/HAL/src/crt0.o
                0x000401b4                _start
 .text          0x00040200      0x18c obj/default/hello_world.o
                0x00040200                updateHEX_Display
                0x000402b4                main
 .text          0x0004038c      0x14c d:/backupc/altera/12.1/nios2eds/bin/gnu/h-i686-mingw32/bin/../lib/gcc/nios2-elf/4.1.2\libgcc.a(lib2-divmod.o)
                0x00040408                __divsi3
                0x00040468                __modsi3
                0x000404c8                __udivsi3
                0x000404d0                __umodsi3
 .text          0x000404d8       0xb4 d:/backupc/altera/12.1/nios2eds/bin/gnu/h-i686-mingw32/bin/../lib/gcc/nios2-elf/4.1.2/../../../../nios2-elf/lib\libc.a(lib_a-puts.o)
                0x000404d8                _puts_r
                0x00040578                puts
 .text          0x0004058c       0x74 d:/backupc/altera/12.1/nios2eds/bin/gnu/h-i686-mingw32/bin/../lib/gcc/nios2-elf/4.1.2/../../../../nios2-elf/lib\libc.a(lib_a-strlen.o)
                0x0004058c                strlen
 .text          0x00040600      0x49c d:/backupc/altera/12.1/nios2eds/bin/gnu/h-i686-mingw32/bin/../lib/gcc/nios2-elf/4.1.2/../../../../nios2-elf/lib\libc.a(lib_a-fvwrite.o)
                0x00040600                __sfvwrite_r
 .text          0x00040a9c        0x0 d:/backupc/altera/12.1/nios2eds/bin/gnu/h-i686-mingw32/bin/../lib/gcc/nios2-elf/4.1.2/../../../../nios2-elf/lib\libc.a(lib_a-impure.o)
 .text          0x00040a9c      0x740 d:/backupc/altera/12.1/nios2eds/bin/gnu/h-i686-mingw32/bin/../lib/gcc/nios2-elf/4.1.2/../../../../nios2-elf/lib\libc.a(lib_a-mallocr.o)
                0x00040a9c                _malloc_r
 .text          0x000411dc       0xe4 d:/backupc/altera/12.1/nios2eds/bin/gnu/h-i686-mingw32/bin/../lib/gcc/nios2-elf/4.1.2/../../../../nios2-elf/lib\libc.a(lib_a-memchr.o)
                0x000411dc                memchr
 .text          0x000412c0       0xa0 d:/backupc/altera/12.1/nios2eds/bin/gnu/h-i686-mingw32/bin/../lib/gcc/nios2-elf/4.1.2/../../../../nios2-elf/lib\libc.a(lib_a-memcpy.o)
                0x000412c0                memcpy
 .text          0x00041360       0xe0 d:/backupc/altera/12.1/nios2eds/bin/gnu/h-i686-mingw32/bin/../lib/gcc/nios2-elf/4.1.2/../../../../nios2-elf/lib\libc.a(lib_a-memmove.o)
                0x00041360                memmove
 .text          0x00041440      0x5f4 d:/backupc/altera/12.1/nios2eds/bin/gnu/h-i686-mingw32/bin/../lib/gcc/nios2-elf/4.1.2/../../../../nios2-elf/lib\libc.a(lib_a-reallocr.o)
                0x00041440                _realloc_r
 .text          0x00041a34       0x70 d:/backupc/altera/12.1/nios2eds/bin/gnu/h-i686-mingw32/bin/../lib/gcc/nios2-elf/4.1.2/../../../../nios2-elf/lib\libc.a(lib_a-sbrkr.o)
                0x00041a34                _sbrk_r
 .text          0x00041aa4      0x13c d:/backupc/altera/12.1/nios2eds/bin/gnu/h-i686-mingw32/bin/../lib/gcc/nios2-elf/4.1.2/../../../../nios2-elf/lib\libc.a(lib_a-wsetup.o)
                0x00041aa4                __swsetup_r
 .text          0x00041be0      0x230 d:/backupc/altera/12.1/nios2eds/bin/gnu/h-i686-mingw32/bin/../lib/gcc/nios2-elf/4.1.2/../../../../nios2-elf/lib\libc.a(lib_a-fflush.o)
                0x00041be0                _fflush_r
                0x00041ddc                fflush
 .text          0x00041e10      0x2c0 d:/backupc/altera/12.1/nios2eds/bin/gnu/h-i686-mingw32/bin/../lib/gcc/nios2-elf/4.1.2/../../../../nios2-elf/lib\libc.a(lib_a-findfp.o)
                0x00041e68                __sfp_lock_acquire
                0x00041e6c                __sfp_lock_release
                0x00041e70                __sinit_lock_acquire
                0x00041e74                __sinit_lock_release
                0x00041e78                __sinit
                0x00041f2c                __fp_unlock_all
                0x00041f44                __fp_lock_all
                0x00041f5c                _cleanup_r
                0x00041f68                _cleanup
                0x00041f78                __sfmoreglue
                0x00041fe0                __sfp
 .text          0x000420d0      0x440 d:/backupc/altera/12.1/nios2eds/bin/gnu/h-i686-mingw32/bin/../lib/gcc/nios2-elf/4.1.2/../../../../nios2-elf/lib\libc.a(lib_a-freer.o)
                0x000420d0                _malloc_trim_r
                0x000421fc                _free_r
 .text          0x00042510      0x180 d:/backupc/altera/12.1/nios2eds/bin/gnu/h-i686-mingw32/bin/../lib/gcc/nios2-elf/4.1.2/../../../../nios2-elf/lib\libc.a(lib_a-fwalk.o)
                0x00042510                _fwalk_reent
                0x000425d8                _fwalk
 .text          0x00042690        0x0 d:/backupc/altera/12.1/nios2eds/bin/gnu/h-i686-mingw32/bin/../lib/gcc/nios2-elf/4.1.2/../../../../nios2-elf/lib\libc.a(lib_a-int_errno.o)
 .text          0x00042690      0x194 d:/backupc/altera/12.1/nios2eds/bin/gnu/h-i686-mingw32/bin/../lib/gcc/nios2-elf/4.1.2/../../../../nios2-elf/lib\libc.a(lib_a-makebuf.o)
                0x00042690                __smakebuf_r
 .text          0x00042824       0x98 d:/backupc/altera/12.1/nios2eds/bin/gnu/h-i686-mingw32/bin/../lib/gcc/nios2-elf/4.1.2/../../../../nios2-elf/lib\libc.a(lib_a-memset.o)
                0x00042824                memset
 .text          0x000428bc      0x14c d:/backupc/altera/12.1/nios2eds/bin/gnu/h-i686-mingw32/bin/../lib/gcc/nios2-elf/4.1.2/../../../../nios2-elf/lib\libc.a(lib_a-stdio.o)
                0x000428bc                __sclose
                0x000428c4                __sseek
                0x0004292c                __swrite
                0x000429a8                __sread
 .text          0x00042a08       0x78 d:/backupc/altera/12.1/nios2eds/bin/gnu/h-i686-mingw32/bin/../lib/gcc/nios2-elf/4.1.2/../../../../nios2-elf/lib\libc.a(lib_a-writer.o)
                0x00042a08                _write_r
 .text          0x00042a80       0x70 d:/backupc/altera/12.1/nios2eds/bin/gnu/h-i686-mingw32/bin/../lib/gcc/nios2-elf/4.1.2/../../../../nios2-elf/lib\libc.a(lib_a-closer.o)
                0x00042a80                _close_r
 .text          0x00042af0      0x124 d:/backupc/altera/12.1/nios2eds/bin/gnu/h-i686-mingw32/bin/../lib/gcc/nios2-elf/4.1.2/../../../../nios2-elf/lib\libc.a(lib_a-fclose.o)
                0x00042af0                _fclose_r
                0x00042c00                fclose
 .text          0x00042c14       0x74 d:/backupc/altera/12.1/nios2eds/bin/gnu/h-i686-mingw32/bin/../lib/gcc/nios2-elf/4.1.2/../../../../nios2-elf/lib\libc.a(lib_a-fstatr.o)
                0x00042c14                _fstat_r
 .text          0x00042c88       0x70 d:/backupc/altera/12.1/nios2eds/bin/gnu/h-i686-mingw32/bin/../lib/gcc/nios2-elf/4.1.2/../../../../nios2-elf/lib\libc.a(lib_a-isattyr.o)
                0x00042c88                _isatty_r
 .text          0x00042cf8       0x78 d:/backupc/altera/12.1/nios2eds/bin/gnu/h-i686-mingw32/bin/../lib/gcc/nios2-elf/4.1.2/../../../../nios2-elf/lib\libc.a(lib_a-lseekr.o)
                0x00042cf8                _lseek_r
 .text          0x00042d70       0x78 d:/backupc/altera/12.1/nios2eds/bin/gnu/h-i686-mingw32/bin/../lib/gcc/nios2-elf/4.1.2/../../../../nios2-elf/lib\libc.a(lib_a-readr.o)
                0x00042d70                _read_r
 .text          0x00042de8      0x15c ../Altera_lab3_bsp/\libhal_bsp.a(alt_close.o)
                0x00042de8                close
 .text          0x00042f44       0x2c ../Altera_lab3_bsp/\libhal_bsp.a(alt_dev.o)
 .text          0x00042f70        0x0 ../Altera_lab3_bsp/\libhal_bsp.a(alt_errno.o)
 .text          0x00042f70      0x134 ../Altera_lab3_bsp/\libhal_bsp.a(alt_fstat.o)
                0x00042f70                fstat
 .text          0x000430a4      0x120 ../Altera_lab3_bsp/\libhal_bsp.a(alt_isatty.o)
                0x000430a4                isatty
 .text          0x000431c4       0xec ../Altera_lab3_bsp/\libhal_bsp.a(alt_load.o)
                0x000431c4                alt_load
 .text          0x000432b0      0x150 ../Altera_lab3_bsp/\libhal_bsp.a(alt_lseek.o)
                0x000432b0                lseek
 .text          0x00043400       0x6c ../Altera_lab3_bsp/\libhal_bsp.a(alt_main.o)
                0x00043400                alt_main
 .text          0x0004346c       0x40 ../Altera_lab3_bsp/\libhal_bsp.a(alt_malloc_lock.o)
                0x0004346c                __malloc_lock
                0x0004348c                __malloc_unlock
 .text          0x000434ac      0x180 ../Altera_lab3_bsp/\libhal_bsp.a(alt_read.o)
                0x000434ac                read
 .text          0x0004362c       0x60 ../Altera_lab3_bsp/\libhal_bsp.a(alt_release_fd.o)
                0x0004362c                alt_release_fd
 .text          0x0004368c       0xbc ../Altera_lab3_bsp/\libhal_bsp.a(alt_sbrk.o)
                0x0004368c                sbrk
 .text          0x00043748      0x180 ../Altera_lab3_bsp/\libhal_bsp.a(alt_write.o)
                0x00043748                write
 .text          0x000438c8       0xb0 ../Altera_lab3_bsp/\libhal_bsp.a(alt_sys_init.o)
                0x000438c8                alt_irq_init
                0x000438fc                alt_sys_init
 .text          0x00043978      0x148 ../Altera_lab3_bsp/\libhal_bsp.a(altera_avalon_jtag_uart_fd.o)
                0x00043978                altera_avalon_jtag_uart_read_fd
                0x000439d0                altera_avalon_jtag_uart_write_fd
                0x00043a28                altera_avalon_jtag_uart_close_fd
                0x00043a70                altera_avalon_jtag_uart_ioctl_fd
 .text          0x00043ac0      0x40c ../Altera_lab3_bsp/\libhal_bsp.a(altera_avalon_jtag_uart_init.o)
                0x00043ac0                altera_avalon_jtag_uart_init
                0x00043e58                altera_avalon_jtag_uart_close
 .text          0x00043ecc       0xf4 ../Altera_lab3_bsp/\libhal_bsp.a(altera_avalon_jtag_uart_ioctl.o)
                0x00043ecc                altera_avalon_jtag_uart_ioctl
 .text          0x00043fc0      0x224 ../Altera_lab3_bsp/\libhal_bsp.a(altera_avalon_jtag_uart_read.o)
                0x00043fc0                altera_avalon_jtag_uart_read
 .text          0x000441e4      0x240 ../Altera_lab3_bsp/\libhal_bsp.a(altera_avalon_jtag_uart_write.o)
                0x000441e4                altera_avalon_jtag_uart_write
 .text          0x00044424      0x154 ../Altera_lab3_bsp/\libhal_bsp.a(alt_alarm_start.o)
                0x00044424                alt_alarm_start
 .text          0x00044578       0x44 ../Altera_lab3_bsp/\libhal_bsp.a(alt_dcache_flush_all.o)
                0x00044578                alt_dcache_flush_all
 .text          0x000445bc      0x114 ../Altera_lab3_bsp/\libhal_bsp.a(alt_dev_llist_insert.o)
                0x000445bc                alt_dev_llist_insert
 .text          0x000446d0       0x64 ../Altera_lab3_bsp/\libhal_bsp.a(alt_do_ctors.o)
                0x000446d0                _do_ctors
 .text          0x00044734       0x64 ../Altera_lab3_bsp/\libhal_bsp.a(alt_do_dtors.o)
                0x00044734                _do_dtors
 .text          0x00044798       0x30 ../Altera_lab3_bsp/\libhal_bsp.a(alt_icache_flush_all.o)
                0x00044798                alt_icache_flush_all
 .text          0x000447c8      0x1d4 ../Altera_lab3_bsp/\libhal_bsp.a(alt_iic.o)
                0x000447c8                alt_ic_isr_register
                0x00044818                alt_ic_irq_enable
                0x000448b4                alt_ic_irq_disable
                0x00044954                alt_ic_irq_enabled
 .text          0x0004499c       0xf8 ../Altera_lab3_bsp/\libhal_bsp.a(alt_iic_isr_register.o)
                0x0004499c                alt_iic_isr_register
 .text          0x00044a94      0x13c ../Altera_lab3_bsp/\libhal_bsp.a(alt_io_redirect.o)
                0x00044b58                alt_io_redirect
 .text          0x00044bd0        0x0 ../Altera_lab3_bsp/\libhal_bsp.a(alt_irq_entry.o)
 .text          0x00044bd0        0x0 ../Altera_lab3_bsp/\libhal_bsp.a(alt_irq_handler.o)
 .text          0x00044bd0        0x0 ../Altera_lab3_bsp/\libhal_bsp.a(alt_irq_vars.o)
 .text          0x00044bd0      0x2c4 ../Altera_lab3_bsp/\libhal_bsp.a(alt_open.o)
                0x00044cac                open
 .text          0x00044e94      0x1a4 ../Altera_lab3_bsp/\libhal_bsp.a(alt_tick.o)
                0x00044e94                alt_alarm_stop
                0x00044f2c                alt_tick
 .text          0x00045038       0x20 ../Altera_lab3_bsp/\libhal_bsp.a(altera_nios2_qsys_irq.o)
                0x00045038                altera_nios2_qsys_irq_init
 .text          0x00045058        0x0 ../Altera_lab3_bsp/\libhal_bsp.a(alt_exception_entry.o)
 .text          0x00045058       0x94 ../Altera_lab3_bsp/\libhal_bsp.a(alt_find_dev.o)
                0x00045058                alt_find_dev
 .text          0x000450ec      0x120 ../Altera_lab3_bsp/\libhal_bsp.a(alt_find_file.o)
                0x000450ec                alt_find_file
 .text          0x0004520c       0xb8 ../Altera_lab3_bsp/\libhal_bsp.a(alt_get_fd.o)
                0x0004520c                alt_get_fd
 .text          0x000452c4       0x90 ../Altera_lab3_bsp/\libhal_bsp.a(alt_icache_flush.o)
                0x000452c4                alt_icache_flush
 .text          0x00045354       0x14 d:/backupc/altera/12.1/nios2eds/bin/gnu/h-i686-mingw32/bin/../lib/gcc/nios2-elf/4.1.2/../../../../nios2-elf/lib\libc.a(lib_a-atexit.o)
                0x00045354                atexit
 .text          0x00045368       0x38 d:/backupc/altera/12.1/nios2eds/bin/gnu/h-i686-mingw32/bin/../lib/gcc/nios2-elf/4.1.2/../../../../nios2-elf/lib\libc.a(lib_a-exit.o)
                0x00045368                exit
 .text          0x000453a0       0x74 d:/backupc/altera/12.1/nios2eds/bin/gnu/h-i686-mingw32/bin/../lib/gcc/nios2-elf/4.1.2/../../../../nios2-elf/lib\libc.a(lib_a-memcmp.o)
                0x000453a0                memcmp
 .text          0x00045414      0x134 d:/backupc/altera/12.1/nios2eds/bin/gnu/h-i686-mingw32/bin/../lib/gcc/nios2-elf/4.1.2/../../../../nios2-elf/lib\libc.a(lib_a-__atexit.o)
                0x00045414                __register_exitproc
 .text          0x00045548      0x1b4 d:/backupc/altera/12.1/nios2eds/bin/gnu/h-i686-mingw32/bin/../lib/gcc/nios2-elf/4.1.2/../../../../nios2-elf/lib\libc.a(lib_a-__call_atexit.o)
                0x0004554c                __call_exitprocs
 .text          0x000456fc       0x60 ../Altera_lab3_bsp/\libhal_bsp.a(alt_exit.o)
                0x0004573c                _exit
 *(.gnu.warning.*)
 *(.fini)
                0x0004575c                PROVIDE (__etext, ABSOLUTE (.))
                0x0004575c                PROVIDE (_etext, ABSOLUTE (.))
                0x0004575c                PROVIDE (etext, ABSOLUTE (.))
 *(.eh_frame_hdr)
                0x0004575c                . = ALIGN (0x4)
                0x0004575c                PROVIDE (__preinit_array_start, ABSOLUTE (.))
 *(.preinit_array)
                0x0004575c                PROVIDE (__preinit_array_end, ABSOLUTE (.))
                0x0004575c                PROVIDE (__init_array_start, ABSOLUTE (.))
 *(.init_array)
                0x0004575c                PROVIDE (__init_array_end, ABSOLUTE (.))
                0x0004575c                PROVIDE (__fini_array_start, ABSOLUTE (.))
 *(.fini_array)
                0x0004575c                PROVIDE (__fini_array_end, ABSOLUTE (.))
 *(.eh_frame)
 *(.gcc_except_table)
 *(.dynamic)
                0x0004575c                PROVIDE (__CTOR_LIST__, ABSOLUTE (.))
 *(.ctors)
 *(SORT(.ctors.*))
 .ctors.65535   0x0004575c        0x4 d:/backupc/altera/12.1/nios2eds/bin/gnu/h-i686-mingw32/bin/../lib/gcc/nios2-elf/4.1.2/../../../../nios2-elf/lib\libc.a(lib_a-__call_atexit.o)
                0x00045760                PROVIDE (__CTOR_END__, ABSOLUTE (.))
                0x00045760                PROVIDE (__DTOR_LIST__, ABSOLUTE (.))
 *(.dtors)
 *(SORT(.dtors.*))
                0x00045760                PROVIDE (__DTOR_END__, ABSOLUTE (.))
 *(.jcr)
                0x00045760                . = ALIGN (0x4)

.rodata         0x00045760       0x48
                0x00045760                PROVIDE (__ram_rodata_start, ABSOLUTE (.))
                0x00045760                . = ALIGN (0x4)
 *(.rodata .rodata.* .gnu.linkonce.r.*)
 .rodata        0x00045760       0x14 obj/default/hello_world.o
 .rodata.str1.4
                0x00045774        0x2 d:/backupc/altera/12.1/nios2eds/bin/gnu/h-i686-mingw32/bin/../lib/gcc/nios2-elf/4.1.2/../../../../nios2-elf/lib\libc.a(lib_a-puts.o)
                                  0x4 (size before relaxing)
 *fill*         0x00045776        0x2 00
 .rodata.str1.4
                0x00045778        0x4 d:/backupc/altera/12.1/nios2eds/bin/gnu/h-i686-mingw32/bin/../lib/gcc/nios2-elf/4.1.2/../../../../nios2-elf/lib\libc.a(lib_a-impure.o)
 .rodata        0x0004577c        0xc ../Altera_lab3_bsp/\libhal_bsp.a(alt_dev.o)
 .rodata        0x00045788       0x10 ../Altera_lab3_bsp/\libhal_bsp.a(alt_main.o)
 .rodata        0x00045798       0x10 ../Altera_lab3_bsp/\libhal_bsp.a(alt_sys_init.o)
 *(.rodata1)
                0x000457a8                . = ALIGN (0x4)
                0x000457a8                PROVIDE (__ram_rodata_end, ABSOLUTE (.))
                0x00045760                PROVIDE (__flash_rodata_start, LOADADDR (.rodata))

.rwdata         0x000457a8     0x1a48 load address 0x000471f0
                0x000457a8                PROVIDE (__ram_rwdata_start, ABSOLUTE (.))
                0x000457a8                . = ALIGN (0x4)
 *(.got.plt)
 *(.got)
 *(.data1)
 *(.data .data.* .gnu.linkonce.d.*)
 .data          0x000457a8        0x0 ../Altera_lab3_bsp//obj/HAL/src/crt0.o
 .data          0x000457a8        0x0 obj/default/hello_world.o
 .data          0x000457a8        0x0 d:/backupc/altera/12.1/nios2eds/bin/gnu/h-i686-mingw32/bin/../lib/gcc/nios2-elf/4.1.2\libgcc.a(lib2-divmod.o)
 .data          0x000457a8        0x0 d:/backupc/altera/12.1/nios2eds/bin/gnu/h-i686-mingw32/bin/../lib/gcc/nios2-elf/4.1.2/../../../../nios2-elf/lib\libc.a(lib_a-puts.o)
 .data          0x000457a8        0x0 d:/backupc/altera/12.1/nios2eds/bin/gnu/h-i686-mingw32/bin/../lib/gcc/nios2-elf/4.1.2/../../../../nios2-elf/lib\libc.a(lib_a-strlen.o)
 .data          0x000457a8        0x0 d:/backupc/altera/12.1/nios2eds/bin/gnu/h-i686-mingw32/bin/../lib/gcc/nios2-elf/4.1.2/../../../../nios2-elf/lib\libc.a(lib_a-fvwrite.o)
 .data          0x000457a8      0x400 d:/backupc/altera/12.1/nios2eds/bin/gnu/h-i686-mingw32/bin/../lib/gcc/nios2-elf/4.1.2/../../../../nios2-elf/lib\libc.a(lib_a-impure.o)
 .data          0x00045ba8      0x408 d:/backupc/altera/12.1/nios2eds/bin/gnu/h-i686-mingw32/bin/../lib/gcc/nios2-elf/4.1.2/../../../../nios2-elf/lib\libc.a(lib_a-mallocr.o)
                0x00045ba8                __malloc_av_
 .data          0x00045fb0        0x0 d:/backupc/altera/12.1/nios2eds/bin/gnu/h-i686-mingw32/bin/../lib/gcc/nios2-elf/4.1.2/../../../../nios2-elf/lib\libc.a(lib_a-memchr.o)
 .data          0x00045fb0        0x0 d:/backupc/altera/12.1/nios2eds/bin/gnu/h-i686-mingw32/bin/../lib/gcc/nios2-elf/4.1.2/../../../../nios2-elf/lib\libc.a(lib_a-memcpy.o)
 .data          0x00045fb0        0x0 d:/backupc/altera/12.1/nios2eds/bin/gnu/h-i686-mingw32/bin/../lib/gcc/nios2-elf/4.1.2/../../../../nios2-elf/lib\libc.a(lib_a-memmove.o)
 .data          0x00045fb0        0x0 d:/backupc/altera/12.1/nios2eds/bin/gnu/h-i686-mingw32/bin/../lib/gcc/nios2-elf/4.1.2/../../../../nios2-elf/lib\libc.a(lib_a-reallocr.o)
 .data          0x00045fb0        0x0 d:/backupc/altera/12.1/nios2eds/bin/gnu/h-i686-mingw32/bin/../lib/gcc/nios2-elf/4.1.2/../../../../nios2-elf/lib\libc.a(lib_a-sbrkr.o)
 .data          0x00045fb0        0x0 d:/backupc/altera/12.1/nios2eds/bin/gnu/h-i686-mingw32/bin/../lib/gcc/nios2-elf/4.1.2/../../../../nios2-elf/lib\libc.a(lib_a-wsetup.o)
 .data          0x00045fb0        0x0 d:/backupc/altera/12.1/nios2eds/bin/gnu/h-i686-mingw32/bin/../lib/gcc/nios2-elf/4.1.2/../../../../nios2-elf/lib\libc.a(lib_a-fflush.o)
 .data          0x00045fb0        0x0 d:/backupc/altera/12.1/nios2eds/bin/gnu/h-i686-mingw32/bin/../lib/gcc/nios2-elf/4.1.2/../../../../nios2-elf/lib\libc.a(lib_a-findfp.o)
 .data          0x00045fb0        0x0 d:/backupc/altera/12.1/nios2eds/bin/gnu/h-i686-mingw32/bin/../lib/gcc/nios2-elf/4.1.2/../../../../nios2-elf/lib\libc.a(lib_a-freer.o)
 .data          0x00045fb0        0x0 d:/backupc/altera/12.1/nios2eds/bin/gnu/h-i686-mingw32/bin/../lib/gcc/nios2-elf/4.1.2/../../../../nios2-elf/lib\libc.a(lib_a-fwalk.o)
 .data          0x00045fb0        0x0 d:/backupc/altera/12.1/nios2eds/bin/gnu/h-i686-mingw32/bin/../lib/gcc/nios2-elf/4.1.2/../../../../nios2-elf/lib\libc.a(lib_a-int_errno.o)
 .data          0x00045fb0        0x0 d:/backupc/altera/12.1/nios2eds/bin/gnu/h-i686-mingw32/bin/../lib/gcc/nios2-elf/4.1.2/../../../../nios2-elf/lib\libc.a(lib_a-makebuf.o)
 .data          0x00045fb0        0x0 d:/backupc/altera/12.1/nios2eds/bin/gnu/h-i686-mingw32/bin/../lib/gcc/nios2-elf/4.1.2/../../../../nios2-elf/lib\libc.a(lib_a-memset.o)
 .data          0x00045fb0        0x0 d:/backupc/altera/12.1/nios2eds/bin/gnu/h-i686-mingw32/bin/../lib/gcc/nios2-elf/4.1.2/../../../../nios2-elf/lib\libc.a(lib_a-stdio.o)
 .data          0x00045fb0        0x0 d:/backupc/altera/12.1/nios2eds/bin/gnu/h-i686-mingw32/bin/../lib/gcc/nios2-elf/4.1.2/../../../../nios2-elf/lib\libc.a(lib_a-writer.o)
 .data          0x00045fb0        0x0 d:/backupc/altera/12.1/nios2eds/bin/gnu/h-i686-mingw32/bin/../lib/gcc/nios2-elf/4.1.2/../../../../nios2-elf/lib\libc.a(lib_a-closer.o)
 .data          0x00045fb0        0x0 d:/backupc/altera/12.1/nios2eds/bin/gnu/h-i686-mingw32/bin/../lib/gcc/nios2-elf/4.1.2/../../../../nios2-elf/lib\libc.a(lib_a-fclose.o)
 .data          0x00045fb0        0x0 d:/backupc/altera/12.1/nios2eds/bin/gnu/h-i686-mingw32/bin/../lib/gcc/nios2-elf/4.1.2/../../../../nios2-elf/lib\libc.a(lib_a-fstatr.o)
 .data          0x00045fb0        0x0 d:/backupc/altera/12.1/nios2eds/bin/gnu/h-i686-mingw32/bin/../lib/gcc/nios2-elf/4.1.2/../../../../nios2-elf/lib\libc.a(lib_a-isattyr.o)
 .data          0x00045fb0        0x0 d:/backupc/altera/12.1/nios2eds/bin/gnu/h-i686-mingw32/bin/../lib/gcc/nios2-elf/4.1.2/../../../../nios2-elf/lib\libc.a(lib_a-lseekr.o)
 .data          0x00045fb0        0x0 d:/backupc/altera/12.1/nios2eds/bin/gnu/h-i686-mingw32/bin/../lib/gcc/nios2-elf/4.1.2/../../../../nios2-elf/lib\libc.a(lib_a-readr.o)
 .data          0x00045fb0        0x0 ../Altera_lab3_bsp/\libhal_bsp.a(alt_close.o)
 .data          0x00045fb0      0x1a8 ../Altera_lab3_bsp/\libhal_bsp.a(alt_dev.o)
                0x00045fb0                alt_dev_null
                0x00045fd8                alt_fd_list
 .data          0x00046158        0x0 ../Altera_lab3_bsp/\libhal_bsp.a(alt_errno.o)
 .data          0x00046158        0x0 ../Altera_lab3_bsp/\libhal_bsp.a(alt_fstat.o)
 .data          0x00046158        0x0 ../Altera_lab3_bsp/\libhal_bsp.a(alt_isatty.o)
 .data          0x00046158        0x0 ../Altera_lab3_bsp/\libhal_bsp.a(alt_load.o)
 .data          0x00046158        0x0 ../Altera_lab3_bsp/\libhal_bsp.a(alt_lseek.o)
 .data          0x00046158        0x0 ../Altera_lab3_bsp/\libhal_bsp.a(alt_main.o)
 .data          0x00046158        0x0 ../Altera_lab3_bsp/\libhal_bsp.a(alt_malloc_lock.o)
 .data          0x00046158        0x0 ../Altera_lab3_bsp/\libhal_bsp.a(alt_read.o)
 .data          0x00046158        0x0 ../Altera_lab3_bsp/\libhal_bsp.a(alt_release_fd.o)
 .data          0x00046158        0x0 ../Altera_lab3_bsp/\libhal_bsp.a(alt_sbrk.o)
 .data          0x00046158        0x0 ../Altera_lab3_bsp/\libhal_bsp.a(alt_write.o)
 .data          0x00046158     0x1060 ../Altera_lab3_bsp/\libhal_bsp.a(alt_sys_init.o)
 .data          0x000471b8        0x0 ../Altera_lab3_bsp/\libhal_bsp.a(altera_avalon_jtag_uart_fd.o)
 .data          0x000471b8        0x0 ../Altera_lab3_bsp/\libhal_bsp.a(altera_avalon_jtag_uart_init.o)
 .data          0x000471b8        0x0 ../Altera_lab3_bsp/\libhal_bsp.a(altera_avalon_jtag_uart_ioctl.o)
 .data          0x000471b8        0x0 ../Altera_lab3_bsp/\libhal_bsp.a(altera_avalon_jtag_uart_read.o)
 .data          0x000471b8        0x0 ../Altera_lab3_bsp/\libhal_bsp.a(altera_avalon_jtag_uart_write.o)
 .data          0x000471b8        0x0 ../Altera_lab3_bsp/\libhal_bsp.a(alt_alarm_start.o)
 .data          0x000471b8        0x0 ../Altera_lab3_bsp/\libhal_bsp.a(alt_dcache_flush_all.o)
 .data          0x000471b8        0x0 ../Altera_lab3_bsp/\libhal_bsp.a(alt_dev_llist_insert.o)
 .data          0x000471b8        0x0 ../Altera_lab3_bsp/\libhal_bsp.a(alt_do_ctors.o)
 .data          0x000471b8        0x0 ../Altera_lab3_bsp/\libhal_bsp.a(alt_do_dtors.o)
 .data          0x000471b8        0x0 ../Altera_lab3_bsp/\libhal_bsp.a(alt_icache_flush_all.o)
 .data          0x000471b8        0x0 ../Altera_lab3_bsp/\libhal_bsp.a(alt_iic.o)
 .data          0x000471b8        0x0 ../Altera_lab3_bsp/\libhal_bsp.a(alt_iic_isr_register.o)
 .data          0x000471b8        0x0 ../Altera_lab3_bsp/\libhal_bsp.a(alt_io_redirect.o)
 .data          0x000471b8        0x0 ../Altera_lab3_bsp/\libhal_bsp.a(alt_irq_entry.o)
 .data          0x000471b8        0x0 ../Altera_lab3_bsp/\libhal_bsp.a(alt_irq_handler.o)
 .data          0x000471b8        0x0 ../Altera_lab3_bsp/\libhal_bsp.a(alt_irq_vars.o)
 .data          0x000471b8        0x0 ../Altera_lab3_bsp/\libhal_bsp.a(alt_open.o)
 .data          0x000471b8        0x0 ../Altera_lab3_bsp/\libhal_bsp.a(alt_tick.o)
 .data          0x000471b8        0x0 ../Altera_lab3_bsp/\libhal_bsp.a(altera_nios2_qsys_irq.o)
 .data          0x000471b8        0x0 ../Altera_lab3_bsp/\libhal_bsp.a(alt_exception_entry.o)
 .data          0x000471b8        0x0 ../Altera_lab3_bsp/\libhal_bsp.a(alt_find_dev.o)
 .data          0x000471b8        0x0 ../Altera_lab3_bsp/\libhal_bsp.a(alt_find_file.o)
 .data          0x000471b8        0x0 ../Altera_lab3_bsp/\libhal_bsp.a(alt_get_fd.o)
 .data          0x000471b8        0x0 ../Altera_lab3_bsp/\libhal_bsp.a(alt_icache_flush.o)
 .data          0x000471b8        0x0 d:/backupc/altera/12.1/nios2eds/bin/gnu/h-i686-mingw32/bin/../lib/gcc/nios2-elf/4.1.2/../../../../nios2-elf/lib\libc.a(lib_a-atexit.o)
 .data          0x000471b8        0x0 d:/backupc/altera/12.1/nios2eds/bin/gnu/h-i686-mingw32/bin/../lib/gcc/nios2-elf/4.1.2/../../../../nios2-elf/lib\libc.a(lib_a-exit.o)
 .data          0x000471b8        0x0 d:/backupc/altera/12.1/nios2eds/bin/gnu/h-i686-mingw32/bin/../lib/gcc/nios2-elf/4.1.2/../../../../nios2-elf/lib\libc.a(lib_a-memcmp.o)
 .data          0x000471b8        0x0 d:/backupc/altera/12.1/nios2eds/bin/gnu/h-i686-mingw32/bin/../lib/gcc/nios2-elf/4.1.2/../../../../nios2-elf/lib\libc.a(lib_a-__atexit.o)
 .data          0x000471b8        0x0 d:/backupc/altera/12.1/nios2eds/bin/gnu/h-i686-mingw32/bin/../lib/gcc/nios2-elf/4.1.2/../../../../nios2-elf/lib\libc.a(lib_a-__call_atexit.o)
 .data          0x000471b8        0x0 ../Altera_lab3_bsp/\libhal_bsp.a(alt_exit.o)
                0x0004f1b8                _gp = ABSOLUTE ((. + 0x8000))
                0x0004f1b8                PROVIDE (gp, _gp)
 *(.rwdata .rwdata.*)
 *(.sdata .sdata.* .gnu.linkonce.s.*)
 .sdata         0x000471b8        0x8 d:/backupc/altera/12.1/nios2eds/bin/gnu/h-i686-mingw32/bin/../lib/gcc/nios2-elf/4.1.2/../../../../nios2-elf/lib\libc.a(lib_a-impure.o)
                0x000471b8                _impure_ptr
                0x000471bc                _global_impure_ptr
 .sdata         0x000471c0        0x8 d:/backupc/altera/12.1/nios2eds/bin/gnu/h-i686-mingw32/bin/../lib/gcc/nios2-elf/4.1.2/../../../../nios2-elf/lib\libc.a(lib_a-mallocr.o)
                0x000471c0                __malloc_trim_threshold
                0x000471c4                __malloc_sbrk_base
 .sdata         0x000471c8       0x14 ../Altera_lab3_bsp/\libhal_bsp.a(alt_dev.o)
                0x000471c8                alt_fs_list
                0x000471d0                alt_dev_list
                0x000471d8                alt_max_fd
 .sdata         0x000471dc        0x4 ../Altera_lab3_bsp/\libhal_bsp.a(alt_errno.o)
                0x000471dc                alt_errno
 .sdata         0x000471e0        0x4 ../Altera_lab3_bsp/\libhal_bsp.a(alt_sbrk.o)
 .sdata         0x000471e4        0x4 ../Altera_lab3_bsp/\libhal_bsp.a(alt_irq_vars.o)
                0x000471e4                alt_priority_mask
 .sdata         0x000471e8        0x8 ../Altera_lab3_bsp/\libhal_bsp.a(alt_tick.o)
                0x000471e8                alt_alarm_list
 *(.sdata2 .sdata2.* .gnu.linkonce.s2.*)
                0x000471f0                . = ALIGN (0x4)
                0x000471f0                _edata = ABSOLUTE (.)
                0x000471f0                PROVIDE (edata, ABSOLUTE (.))
                0x000471f0                PROVIDE (__ram_rwdata_end, ABSOLUTE (.))
                0x000471f0                PROVIDE (__flash_rwdata_start, LOADADDR (.rwdata))

.bss            0x00048c38      0x2e0
                0x00048c38                __bss_start = ABSOLUTE (.)
                0x00048c38                PROVIDE (__sbss_start, ABSOLUTE (.))
                0x00048c38                PROVIDE (___sbss_start, ABSOLUTE (.))
 *(.dynsbss)
 *(.sbss .sbss.* .gnu.linkonce.sb.*)
 .sbss          0x00048c38        0xc d:/backupc/altera/12.1/nios2eds/bin/gnu/h-i686-mingw32/bin/../lib/gcc/nios2-elf/4.1.2/../../../../nios2-elf/lib\libc.a(lib_a-mallocr.o)
                0x00048c38                __malloc_top_pad
                0x00048c3c                __malloc_max_sbrked_mem
                0x00048c40                __malloc_max_total_mem
 .sbss          0x00048c44        0x4 d:/backupc/altera/12.1/nios2eds/bin/gnu/h-i686-mingw32/bin/../lib/gcc/nios2-elf/4.1.2/../../../../nios2-elf/lib\libc.a(lib_a-int_errno.o)
                0x00048c44                errno
 .sbss          0x00048c48        0xc ../Altera_lab3_bsp/\libhal_bsp.a(alt_main.o)
                0x00048c48                alt_argc
                0x00048c4c                alt_argv
                0x00048c50                alt_envp
 .sbss          0x00048c54        0x4 ../Altera_lab3_bsp/\libhal_bsp.a(alt_irq_vars.o)
                0x00048c54                alt_irq_active
 .sbss          0x00048c58        0x8 ../Altera_lab3_bsp/\libhal_bsp.a(alt_tick.o)
                0x00048c58                _alt_tick_rate
                0x00048c5c                _alt_nticks
 *(.sbss2 .sbss2.* .gnu.linkonce.sb2.*)
 *(.scommon)
                0x00048c60                PROVIDE (__sbss_end, ABSOLUTE (.))
                0x00048c60                PROVIDE (___sbss_end, ABSOLUTE (.))
 *(.dynbss)
 *(.bss .bss.* .gnu.linkonce.b.*)
 .bss           0x00048c60        0x0 ../Altera_lab3_bsp//obj/HAL/src/crt0.o
 .bss           0x00048c60        0x0 obj/default/hello_world.o
 .bss           0x00048c60        0x0 d:/backupc/altera/12.1/nios2eds/bin/gnu/h-i686-mingw32/bin/../lib/gcc/nios2-elf/4.1.2\libgcc.a(lib2-divmod.o)
 .bss           0x00048c60        0x0 d:/backupc/altera/12.1/nios2eds/bin/gnu/h-i686-mingw32/bin/../lib/gcc/nios2-elf/4.1.2/../../../../nios2-elf/lib\libc.a(lib_a-puts.o)
 .bss           0x00048c60        0x0 d:/backupc/altera/12.1/nios2eds/bin/gnu/h-i686-mingw32/bin/../lib/gcc/nios2-elf/4.1.2/../../../../nios2-elf/lib\libc.a(lib_a-strlen.o)
 .bss           0x00048c60        0x0 d:/backupc/altera/12.1/nios2eds/bin/gnu/h-i686-mingw32/bin/../lib/gcc/nios2-elf/4.1.2/../../../../nios2-elf/lib\libc.a(lib_a-fvwrite.o)
 .bss           0x00048c60        0x0 d:/backupc/altera/12.1/nios2eds/bin/gnu/h-i686-mingw32/bin/../lib/gcc/nios2-elf/4.1.2/../../../../nios2-elf/lib\libc.a(lib_a-impure.o)
 .bss           0x00048c60       0x28 d:/backupc/altera/12.1/nios2eds/bin/gnu/h-i686-mingw32/bin/../lib/gcc/nios2-elf/4.1.2/../../../../nios2-elf/lib\libc.a(lib_a-mallocr.o)
                0x00048c60                __malloc_current_mallinfo
 .bss           0x00048c88        0x0 d:/backupc/altera/12.1/nios2eds/bin/gnu/h-i686-mingw32/bin/../lib/gcc/nios2-elf/4.1.2/../../../../nios2-elf/lib\libc.a(lib_a-memchr.o)
 .bss           0x00048c88        0x0 d:/backupc/altera/12.1/nios2eds/bin/gnu/h-i686-mingw32/bin/../lib/gcc/nios2-elf/4.1.2/../../../../nios2-elf/lib\libc.a(lib_a-memcpy.o)
 .bss           0x00048c88        0x0 d:/backupc/altera/12.1/nios2eds/bin/gnu/h-i686-mingw32/bin/../lib/gcc/nios2-elf/4.1.2/../../../../nios2-elf/lib\libc.a(lib_a-memmove.o)
 .bss           0x00048c88        0x0 d:/backupc/altera/12.1/nios2eds/bin/gnu/h-i686-mingw32/bin/../lib/gcc/nios2-elf/4.1.2/../../../../nios2-elf/lib\libc.a(lib_a-reallocr.o)
 .bss           0x00048c88        0x0 d:/backupc/altera/12.1/nios2eds/bin/gnu/h-i686-mingw32/bin/../lib/gcc/nios2-elf/4.1.2/../../../../nios2-elf/lib\libc.a(lib_a-sbrkr.o)
 .bss           0x00048c88        0x0 d:/backupc/altera/12.1/nios2eds/bin/gnu/h-i686-mingw32/bin/../lib/gcc/nios2-elf/4.1.2/../../../../nios2-elf/lib\libc.a(lib_a-wsetup.o)
 .bss           0x00048c88        0x0 d:/backupc/altera/12.1/nios2eds/bin/gnu/h-i686-mingw32/bin/../lib/gcc/nios2-elf/4.1.2/../../../../nios2-elf/lib\libc.a(lib_a-fflush.o)
 .bss           0x00048c88        0x0 d:/backupc/altera/12.1/nios2eds/bin/gnu/h-i686-mingw32/bin/../lib/gcc/nios2-elf/4.1.2/../../../../nios2-elf/lib\libc.a(lib_a-findfp.o)
 .bss           0x00048c88        0x0 d:/backupc/altera/12.1/nios2eds/bin/gnu/h-i686-mingw32/bin/../lib/gcc/nios2-elf/4.1.2/../../../../nios2-elf/lib\libc.a(lib_a-freer.o)
 .bss           0x00048c88        0x0 d:/backupc/altera/12.1/nios2eds/bin/gnu/h-i686-mingw32/bin/../lib/gcc/nios2-elf/4.1.2/../../../../nios2-elf/lib\libc.a(lib_a-fwalk.o)
 .bss           0x00048c88        0x0 d:/backupc/altera/12.1/nios2eds/bin/gnu/h-i686-mingw32/bin/../lib/gcc/nios2-elf/4.1.2/../../../../nios2-elf/lib\libc.a(lib_a-int_errno.o)
 .bss           0x00048c88        0x0 d:/backupc/altera/12.1/nios2eds/bin/gnu/h-i686-mingw32/bin/../lib/gcc/nios2-elf/4.1.2/../../../../nios2-elf/lib\libc.a(lib_a-makebuf.o)
 .bss           0x00048c88        0x0 d:/backupc/altera/12.1/nios2eds/bin/gnu/h-i686-mingw32/bin/../lib/gcc/nios2-elf/4.1.2/../../../../nios2-elf/lib\libc.a(lib_a-memset.o)
 .bss           0x00048c88        0x0 d:/backupc/altera/12.1/nios2eds/bin/gnu/h-i686-mingw32/bin/../lib/gcc/nios2-elf/4.1.2/../../../../nios2-elf/lib\libc.a(lib_a-stdio.o)
 .bss           0x00048c88        0x0 d:/backupc/altera/12.1/nios2eds/bin/gnu/h-i686-mingw32/bin/../lib/gcc/nios2-elf/4.1.2/../../../../nios2-elf/lib\libc.a(lib_a-writer.o)
 .bss           0x00048c88        0x0 d:/backupc/altera/12.1/nios2eds/bin/gnu/h-i686-mingw32/bin/../lib/gcc/nios2-elf/4.1.2/../../../../nios2-elf/lib\libc.a(lib_a-closer.o)
 .bss           0x00048c88        0x0 d:/backupc/altera/12.1/nios2eds/bin/gnu/h-i686-mingw32/bin/../lib/gcc/nios2-elf/4.1.2/../../../../nios2-elf/lib\libc.a(lib_a-fclose.o)
 .bss           0x00048c88        0x0 d:/backupc/altera/12.1/nios2eds/bin/gnu/h-i686-mingw32/bin/../lib/gcc/nios2-elf/4.1.2/../../../../nios2-elf/lib\libc.a(lib_a-fstatr.o)
 .bss           0x00048c88        0x0 d:/backupc/altera/12.1/nios2eds/bin/gnu/h-i686-mingw32/bin/../lib/gcc/nios2-elf/4.1.2/../../../../nios2-elf/lib\libc.a(lib_a-isattyr.o)
 .bss           0x00048c88        0x0 d:/backupc/altera/12.1/nios2eds/bin/gnu/h-i686-mingw32/bin/../lib/gcc/nios2-elf/4.1.2/../../../../nios2-elf/lib\libc.a(lib_a-lseekr.o)
 .bss           0x00048c88        0x0 d:/backupc/altera/12.1/nios2eds/bin/gnu/h-i686-mingw32/bin/../lib/gcc/nios2-elf/4.1.2/../../../../nios2-elf/lib\libc.a(lib_a-readr.o)
 .bss           0x00048c88        0x0 ../Altera_lab3_bsp/\libhal_bsp.a(alt_close.o)
 .bss           0x00048c88        0x0 ../Altera_lab3_bsp/\libhal_bsp.a(alt_dev.o)
 .bss           0x00048c88        0x0 ../Altera_lab3_bsp/\libhal_bsp.a(alt_errno.o)
 .bss           0x00048c88        0x0 ../Altera_lab3_bsp/\libhal_bsp.a(alt_fstat.o)
 .bss           0x00048c88        0x0 ../Altera_lab3_bsp/\libhal_bsp.a(alt_isatty.o)
 .bss           0x00048c88        0x0 ../Altera_lab3_bsp/\libhal_bsp.a(alt_load.o)
 .bss           0x00048c88        0x0 ../Altera_lab3_bsp/\libhal_bsp.a(alt_lseek.o)
 .bss           0x00048c88        0x0 ../Altera_lab3_bsp/\libhal_bsp.a(alt_main.o)
 .bss           0x00048c88        0x0 ../Altera_lab3_bsp/\libhal_bsp.a(alt_malloc_lock.o)
 .bss           0x00048c88        0x0 ../Altera_lab3_bsp/\libhal_bsp.a(alt_read.o)
 .bss           0x00048c88        0x0 ../Altera_lab3_bsp/\libhal_bsp.a(alt_release_fd.o)
 .bss           0x00048c88        0x0 ../Altera_lab3_bsp/\libhal_bsp.a(alt_sbrk.o)
 .bss           0x00048c88        0x0 ../Altera_lab3_bsp/\libhal_bsp.a(alt_write.o)
 .bss           0x00048c88        0x0 ../Altera_lab3_bsp/\libhal_bsp.a(alt_sys_init.o)
 .bss           0x00048c88        0x0 ../Altera_lab3_bsp/\libhal_bsp.a(altera_avalon_jtag_uart_fd.o)
 .bss           0x00048c88        0x0 ../Altera_lab3_bsp/\libhal_bsp.a(altera_avalon_jtag_uart_init.o)
 .bss           0x00048c88        0x0 ../Altera_lab3_bsp/\libhal_bsp.a(altera_avalon_jtag_uart_ioctl.o)
 .bss           0x00048c88        0x0 ../Altera_lab3_bsp/\libhal_bsp.a(altera_avalon_jtag_uart_read.o)
 .bss           0x00048c88        0x0 ../Altera_lab3_bsp/\libhal_bsp.a(altera_avalon_jtag_uart_write.o)
 .bss           0x00048c88        0x0 ../Altera_lab3_bsp/\libhal_bsp.a(alt_alarm_start.o)
 .bss           0x00048c88        0x0 ../Altera_lab3_bsp/\libhal_bsp.a(alt_dcache_flush_all.o)
 .bss           0x00048c88        0x0 ../Altera_lab3_bsp/\libhal_bsp.a(alt_dev_llist_insert.o)
 .bss           0x00048c88        0x0 ../Altera_lab3_bsp/\libhal_bsp.a(alt_do_ctors.o)
 .bss           0x00048c88        0x0 ../Altera_lab3_bsp/\libhal_bsp.a(alt_do_dtors.o)
 .bss           0x00048c88        0x0 ../Altera_lab3_bsp/\libhal_bsp.a(alt_icache_flush_all.o)
 .bss           0x00048c88        0x0 ../Altera_lab3_bsp/\libhal_bsp.a(alt_iic.o)
 .bss           0x00048c88        0x0 ../Altera_lab3_bsp/\libhal_bsp.a(alt_iic_isr_register.o)
 .bss           0x00048c88        0x0 ../Altera_lab3_bsp/\libhal_bsp.a(alt_io_redirect.o)
 .bss           0x00048c88        0x0 ../Altera_lab3_bsp/\libhal_bsp.a(alt_irq_entry.o)
 .bss           0x00048c88        0x0 ../Altera_lab3_bsp/\libhal_bsp.a(alt_irq_handler.o)
 .bss           0x00048c88        0x0 ../Altera_lab3_bsp/\libhal_bsp.a(alt_irq_vars.o)
 .bss           0x00048c88        0x0 ../Altera_lab3_bsp/\libhal_bsp.a(alt_open.o)
 .bss           0x00048c88        0x0 ../Altera_lab3_bsp/\libhal_bsp.a(alt_tick.o)
 .bss           0x00048c88        0x0 ../Altera_lab3_bsp/\libhal_bsp.a(altera_nios2_qsys_irq.o)
 .bss           0x00048c88        0x0 ../Altera_lab3_bsp/\libhal_bsp.a(alt_exception_entry.o)
 .bss           0x00048c88        0x0 ../Altera_lab3_bsp/\libhal_bsp.a(alt_find_dev.o)
 .bss           0x00048c88        0x0 ../Altera_lab3_bsp/\libhal_bsp.a(alt_find_file.o)
 .bss           0x00048c88        0x0 ../Altera_lab3_bsp/\libhal_bsp.a(alt_get_fd.o)
 .bss           0x00048c88        0x0 ../Altera_lab3_bsp/\libhal_bsp.a(alt_icache_flush.o)
 .bss           0x00048c88        0x0 d:/backupc/altera/12.1/nios2eds/bin/gnu/h-i686-mingw32/bin/../lib/gcc/nios2-elf/4.1.2/../../../../nios2-elf/lib\libc.a(lib_a-atexit.o)
 .bss           0x00048c88        0x0 d:/backupc/altera/12.1/nios2eds/bin/gnu/h-i686-mingw32/bin/../lib/gcc/nios2-elf/4.1.2/../../../../nios2-elf/lib\libc.a(lib_a-exit.o)
 .bss           0x00048c88        0x0 d:/backupc/altera/12.1/nios2eds/bin/gnu/h-i686-mingw32/bin/../lib/gcc/nios2-elf/4.1.2/../../../../nios2-elf/lib\libc.a(lib_a-memcmp.o)
 .bss           0x00048c88        0x0 d:/backupc/altera/12.1/nios2eds/bin/gnu/h-i686-mingw32/bin/../lib/gcc/nios2-elf/4.1.2/../../../../nios2-elf/lib\libc.a(lib_a-__atexit.o)
 .bss           0x00048c88        0x0 d:/backupc/altera/12.1/nios2eds/bin/gnu/h-i686-mingw32/bin/../lib/gcc/nios2-elf/4.1.2/../../../../nios2-elf/lib\libc.a(lib_a-__call_atexit.o)
 .bss           0x00048c88        0x0 ../Altera_lab3_bsp/\libhal_bsp.a(alt_exit.o)
 *(COMMON)
 COMMON         0x00048c88      0x100 ../Altera_lab3_bsp/\libhal_bsp.a(alt_irq_handler.o)
                0x00048c88                alt_irq
 COMMON         0x00048d88      0x190 d:/backupc/altera/12.1/nios2eds/bin/gnu/h-i686-mingw32/bin/../lib/gcc/nios2-elf/4.1.2/../../../../nios2-elf/lib\libc.a(lib_a-atexit.o)
                0x00048d88                _atexit0
                0x00048f18                . = ALIGN (0x4)
                0x00048f18                __bss_end = ABSOLUTE (.)

.onchip_memory2
                0x00048f18        0x0
                0x00048f18                PROVIDE (_alt_partition_onchip_memory2_start, ABSOLUTE (.))
 *(.onchip_memory2. onchip_memory2.*)
                0x00048f18                . = ALIGN (0x4)
                0x00048f18                PROVIDE (_alt_partition_onchip_memory2_end, ABSOLUTE (.))
                0x00048f18                _end = ABSOLUTE (.)
                0x00048f18                end = ABSOLUTE (.)
                0x00048f18                __alt_stack_base = ABSOLUTE (.)
                0x00048f18                PROVIDE (_alt_partition_onchip_memory2_load_addr, LOADADDR (.onchip_memory2))

.stab
 *(.stab)

.stabstr
 *(.stabstr)

.stab.excl
 *(.stab.excl)

.stab.exclstr
 *(.stab.exclstr)

.stab.index
 *(.stab.index)

.stab.indexstr
 *(.stab.indexstr)

.comment        0x00000000       0x23
 *(.comment)
 .comment       0x00000000       0x23 obj/default/hello_world.o
                                 0x24 (size before relaxing)
 .comment       0x00000000       0x24 d:/backupc/altera/12.1/nios2eds/bin/gnu/h-i686-mingw32/bin/../lib/gcc/nios2-elf/4.1.2\libgcc.a(lib2-divmod.o)
 .comment       0x00000000       0x24 d:/backupc/altera/12.1/nios2eds/bin/gnu/h-i686-mingw32/bin/../lib/gcc/nios2-elf/4.1.2/../../../../nios2-elf/lib\libc.a(lib_a-puts.o)
 .comment       0x00000000       0x24 d:/backupc/altera/12.1/nios2eds/bin/gnu/h-i686-mingw32/bin/../lib/gcc/nios2-elf/4.1.2/../../../../nios2-elf/lib\libc.a(lib_a-strlen.o)
 .comment       0x00000000       0x24 d:/backupc/altera/12.1/nios2eds/bin/gnu/h-i686-mingw32/bin/../lib/gcc/nios2-elf/4.1.2/../../../../nios2-elf/lib\libc.a(lib_a-fvwrite.o)
 .comment       0x00000000       0x24 d:/backupc/altera/12.1/nios2eds/bin/gnu/h-i686-mingw32/bin/../lib/gcc/nios2-elf/4.1.2/../../../../nios2-elf/lib\libc.a(lib_a-impure.o)
 .comment       0x00000000       0x24 d:/backupc/altera/12.1/nios2eds/bin/gnu/h-i686-mingw32/bin/../lib/gcc/nios2-elf/4.1.2/../../../../nios2-elf/lib\libc.a(lib_a-mallocr.o)
 .comment       0x00000000       0x24 d:/backupc/altera/12.1/nios2eds/bin/gnu/h-i686-mingw32/bin/../lib/gcc/nios2-elf/4.1.2/../../../../nios2-elf/lib\libc.a(lib_a-memchr.o)
 .comment       0x00000000       0x24 d:/backupc/altera/12.1/nios2eds/bin/gnu/h-i686-mingw32/bin/../lib/gcc/nios2-elf/4.1.2/../../../../nios2-elf/lib\libc.a(lib_a-memcpy.o)
 .comment       0x00000000       0x24 d:/backupc/altera/12.1/nios2eds/bin/gnu/h-i686-mingw32/bin/../lib/gcc/nios2-elf/4.1.2/../../../../nios2-elf/lib\libc.a(lib_a-memmove.o)
 .comment       0x00000000       0x24 d:/backupc/altera/12.1/nios2eds/bin/gnu/h-i686-mingw32/bin/../lib/gcc/nios2-elf/4.1.2/../../../../nios2-elf/lib\libc.a(lib_a-reallocr.o)
 .comment       0x00000000       0x24 d:/backupc/altera/12.1/nios2eds/bin/gnu/h-i686-mingw32/bin/../lib/gcc/nios2-elf/4.1.2/../../../../nios2-elf/lib\libc.a(lib_a-sbrkr.o)
 .comment       0x00000000       0x24 d:/backupc/altera/12.1/nios2eds/bin/gnu/h-i686-mingw32/bin/../lib/gcc/nios2-elf/4.1.2/../../../../nios2-elf/lib\libc.a(lib_a-wsetup.o)
 .comment       0x00000000       0x24 d:/backupc/altera/12.1/nios2eds/bin/gnu/h-i686-mingw32/bin/../lib/gcc/nios2-elf/4.1.2/../../../../nios2-elf/lib\libc.a(lib_a-fflush.o)
 .comment       0x00000000       0x24 d:/backupc/altera/12.1/nios2eds/bin/gnu/h-i686-mingw32/bin/../lib/gcc/nios2-elf/4.1.2/../../../../nios2-elf/lib\libc.a(lib_a-findfp.o)
 .comment       0x00000000       0x24 d:/backupc/altera/12.1/nios2eds/bin/gnu/h-i686-mingw32/bin/../lib/gcc/nios2-elf/4.1.2/../../../../nios2-elf/lib\libc.a(lib_a-freer.o)
 .comment       0x00000000       0x24 d:/backupc/altera/12.1/nios2eds/bin/gnu/h-i686-mingw32/bin/../lib/gcc/nios2-elf/4.1.2/../../../../nios2-elf/lib\libc.a(lib_a-fwalk.o)
 .comment       0x00000000       0x24 d:/backupc/altera/12.1/nios2eds/bin/gnu/h-i686-mingw32/bin/../lib/gcc/nios2-elf/4.1.2/../../../../nios2-elf/lib\libc.a(lib_a-int_errno.o)
 .comment       0x00000000       0x24 d:/backupc/altera/12.1/nios2eds/bin/gnu/h-i686-mingw32/bin/../lib/gcc/nios2-elf/4.1.2/../../../../nios2-elf/lib\libc.a(lib_a-makebuf.o)
 .comment       0x00000000       0x24 d:/backupc/altera/12.1/nios2eds/bin/gnu/h-i686-mingw32/bin/../lib/gcc/nios2-elf/4.1.2/../../../../nios2-elf/lib\libc.a(lib_a-memset.o)
 .comment       0x00000000       0x24 d:/backupc/altera/12.1/nios2eds/bin/gnu/h-i686-mingw32/bin/../lib/gcc/nios2-elf/4.1.2/../../../../nios2-elf/lib\libc.a(lib_a-stdio.o)
 .comment       0x00000000       0x24 d:/backupc/altera/12.1/nios2eds/bin/gnu/h-i686-mingw32/bin/../lib/gcc/nios2-elf/4.1.2/../../../../nios2-elf/lib\libc.a(lib_a-writer.o)
 .comment       0x00000000       0x24 d:/backupc/altera/12.1/nios2eds/bin/gnu/h-i686-mingw32/bin/../lib/gcc/nios2-elf/4.1.2/../../../../nios2-elf/lib\libc.a(lib_a-closer.o)
 .comment       0x00000000       0x24 d:/backupc/altera/12.1/nios2eds/bin/gnu/h-i686-mingw32/bin/../lib/gcc/nios2-elf/4.1.2/../../../../nios2-elf/lib\libc.a(lib_a-fclose.o)
 .comment       0x00000000       0x24 d:/backupc/altera/12.1/nios2eds/bin/gnu/h-i686-mingw32/bin/../lib/gcc/nios2-elf/4.1.2/../../../../nios2-elf/lib\libc.a(lib_a-fstatr.o)
 .comment       0x00000000       0x24 d:/backupc/altera/12.1/nios2eds/bin/gnu/h-i686-mingw32/bin/../lib/gcc/nios2-elf/4.1.2/../../../../nios2-elf/lib\libc.a(lib_a-isattyr.o)
 .comment       0x00000000       0x24 d:/backupc/altera/12.1/nios2eds/bin/gnu/h-i686-mingw32/bin/../lib/gcc/nios2-elf/4.1.2/../../../../nios2-elf/lib\libc.a(lib_a-lseekr.o)
 .comment       0x00000000       0x24 d:/backupc/altera/12.1/nios2eds/bin/gnu/h-i686-mingw32/bin/../lib/gcc/nios2-elf/4.1.2/../../../../nios2-elf/lib\libc.a(lib_a-readr.o)
 .comment       0x00000000       0x24 ../Altera_lab3_bsp/\libhal_bsp.a(alt_close.o)
 .comment       0x00000000       0x24 ../Altera_lab3_bsp/\libhal_bsp.a(alt_dev.o)
 .comment       0x00000000       0x24 ../Altera_lab3_bsp/\libhal_bsp.a(alt_errno.o)
 .comment       0x00000000       0x24 ../Altera_lab3_bsp/\libhal_bsp.a(alt_fstat.o)
 .comment       0x00000000       0x24 ../Altera_lab3_bsp/\libhal_bsp.a(alt_isatty.o)
 .comment       0x00000000       0x24 ../Altera_lab3_bsp/\libhal_bsp.a(alt_load.o)
 .comment       0x00000000       0x24 ../Altera_lab3_bsp/\libhal_bsp.a(alt_lseek.o)
 .comment       0x00000000       0x24 ../Altera_lab3_bsp/\libhal_bsp.a(alt_main.o)
 .comment       0x00000000       0x24 ../Altera_lab3_bsp/\libhal_bsp.a(alt_malloc_lock.o)
 .comment       0x00000000       0x24 ../Altera_lab3_bsp/\libhal_bsp.a(alt_read.o)
 .comment       0x00000000       0x24 ../Altera_lab3_bsp/\libhal_bsp.a(alt_release_fd.o)
 .comment       0x00000000       0x24 ../Altera_lab3_bsp/\libhal_bsp.a(alt_sbrk.o)
 .comment       0x00000000       0x24 ../Altera_lab3_bsp/\libhal_bsp.a(alt_write.o)
 .comment       0x00000000       0x24 ../Altera_lab3_bsp/\libhal_bsp.a(alt_sys_init.o)
 .comment       0x00000000       0x24 ../Altera_lab3_bsp/\libhal_bsp.a(altera_avalon_jtag_uart_fd.o)
 .comment       0x00000000       0x24 ../Altera_lab3_bsp/\libhal_bsp.a(altera_avalon_jtag_uart_init.o)
 .comment       0x00000000       0x24 ../Altera_lab3_bsp/\libhal_bsp.a(altera_avalon_jtag_uart_ioctl.o)
 .comment       0x00000000       0x24 ../Altera_lab3_bsp/\libhal_bsp.a(altera_avalon_jtag_uart_read.o)
 .comment       0x00000000       0x24 ../Altera_lab3_bsp/\libhal_bsp.a(altera_avalon_jtag_uart_write.o)
 .comment       0x00000000       0x24 ../Altera_lab3_bsp/\libhal_bsp.a(alt_alarm_start.o)
 .comment       0x00000000       0x24 ../Altera_lab3_bsp/\libhal_bsp.a(alt_dcache_flush_all.o)
 .comment       0x00000000       0x24 ../Altera_lab3_bsp/\libhal_bsp.a(alt_dev_llist_insert.o)
 .comment       0x00000000       0x24 ../Altera_lab3_bsp/\libhal_bsp.a(alt_do_ctors.o)
 .comment       0x00000000       0x24 ../Altera_lab3_bsp/\libhal_bsp.a(alt_do_dtors.o)
 .comment       0x00000000       0x24 ../Altera_lab3_bsp/\libhal_bsp.a(alt_icache_flush_all.o)
 .comment       0x00000000       0x24 ../Altera_lab3_bsp/\libhal_bsp.a(alt_iic.o)
 .comment       0x00000000       0x24 ../Altera_lab3_bsp/\libhal_bsp.a(alt_iic_isr_register.o)
 .comment       0x00000000       0x24 ../Altera_lab3_bsp/\libhal_bsp.a(alt_io_redirect.o)
 .comment       0x00000000       0x24 ../Altera_lab3_bsp/\libhal_bsp.a(alt_irq_handler.o)
 .comment       0x00000000       0x24 ../Altera_lab3_bsp/\libhal_bsp.a(alt_irq_vars.o)
 .comment       0x00000000       0x24 ../Altera_lab3_bsp/\libhal_bsp.a(alt_open.o)
 .comment       0x00000000       0x24 ../Altera_lab3_bsp/\libhal_bsp.a(alt_tick.o)
 .comment       0x00000000       0x24 ../Altera_lab3_bsp/\libhal_bsp.a(altera_nios2_qsys_irq.o)
 .comment       0x00000000       0x24 ../Altera_lab3_bsp/\libhal_bsp.a(alt_find_dev.o)
 .comment       0x00000000       0x24 ../Altera_lab3_bsp/\libhal_bsp.a(alt_find_file.o)
 .comment       0x00000000       0x24 ../Altera_lab3_bsp/\libhal_bsp.a(alt_get_fd.o)
 .comment       0x00000000       0x24 ../Altera_lab3_bsp/\libhal_bsp.a(alt_icache_flush.o)
 .comment       0x00000000       0x24 d:/backupc/altera/12.1/nios2eds/bin/gnu/h-i686-mingw32/bin/../lib/gcc/nios2-elf/4.1.2/../../../../nios2-elf/lib\libc.a(lib_a-atexit.o)
 .comment       0x00000000       0x24 d:/backupc/altera/12.1/nios2eds/bin/gnu/h-i686-mingw32/bin/../lib/gcc/nios2-elf/4.1.2/../../../../nios2-elf/lib\libc.a(lib_a-exit.o)
 .comment       0x00000000       0x24 d:/backupc/altera/12.1/nios2eds/bin/gnu/h-i686-mingw32/bin/../lib/gcc/nios2-elf/4.1.2/../../../../nios2-elf/lib\libc.a(lib_a-memcmp.o)
 .comment       0x00000000       0x24 d:/backupc/altera/12.1/nios2eds/bin/gnu/h-i686-mingw32/bin/../lib/gcc/nios2-elf/4.1.2/../../../../nios2-elf/lib\libc.a(lib_a-__atexit.o)
 .comment       0x00000000       0x24 d:/backupc/altera/12.1/nios2eds/bin/gnu/h-i686-mingw32/bin/../lib/gcc/nios2-elf/4.1.2/../../../../nios2-elf/lib\libc.a(lib_a-__call_atexit.o)
 .comment       0x00000000       0x24 ../Altera_lab3_bsp/\libhal_bsp.a(alt_exit.o)

.debug
 *(.debug)

.line
 *(.line)

.debug_srcinfo
 *(.debug_srcinfo)

.debug_sfnames
 *(.debug_sfnames)

.debug_aranges  0x00000000      0x8f8
 *(.debug_aranges)
 .debug_aranges
                0x00000000       0x28 ../Altera_lab3_bsp//obj/HAL/src/crt0.o
 .debug_aranges
                0x00000028       0x20 obj/default/hello_world.o
 .debug_aranges
                0x00000048       0x20 d:/backupc/altera/12.1/nios2eds/bin/gnu/h-i686-mingw32/bin/../lib/gcc/nios2-elf/4.1.2\libgcc.a(lib2-divmod.o)
 .debug_aranges
                0x00000068       0x20 d:/backupc/altera/12.1/nios2eds/bin/gnu/h-i686-mingw32/bin/../lib/gcc/nios2-elf/4.1.2/../../../../nios2-elf/lib\libc.a(lib_a-puts.o)
 .debug_aranges
                0x00000088       0x20 d:/backupc/altera/12.1/nios2eds/bin/gnu/h-i686-mingw32/bin/../lib/gcc/nios2-elf/4.1.2/../../../../nios2-elf/lib\libc.a(lib_a-strlen.o)
 .debug_aranges
                0x000000a8       0x20 d:/backupc/altera/12.1/nios2eds/bin/gnu/h-i686-mingw32/bin/../lib/gcc/nios2-elf/4.1.2/../../../../nios2-elf/lib\libc.a(lib_a-fvwrite.o)
 .debug_aranges
                0x000000c8       0x20 d:/backupc/altera/12.1/nios2eds/bin/gnu/h-i686-mingw32/bin/../lib/gcc/nios2-elf/4.1.2/../../../../nios2-elf/lib\libc.a(lib_a-mallocr.o)
 .debug_aranges
                0x000000e8       0x20 d:/backupc/altera/12.1/nios2eds/bin/gnu/h-i686-mingw32/bin/../lib/gcc/nios2-elf/4.1.2/../../../../nios2-elf/lib\libc.a(lib_a-memchr.o)
 .debug_aranges
                0x00000108       0x20 d:/backupc/altera/12.1/nios2eds/bin/gnu/h-i686-mingw32/bin/../lib/gcc/nios2-elf/4.1.2/../../../../nios2-elf/lib\libc.a(lib_a-memcpy.o)
 .debug_aranges
                0x00000128       0x20 d:/backupc/altera/12.1/nios2eds/bin/gnu/h-i686-mingw32/bin/../lib/gcc/nios2-elf/4.1.2/../../../../nios2-elf/lib\libc.a(lib_a-memmove.o)
 .debug_aranges
                0x00000148       0x20 d:/backupc/altera/12.1/nios2eds/bin/gnu/h-i686-mingw32/bin/../lib/gcc/nios2-elf/4.1.2/../../../../nios2-elf/lib\libc.a(lib_a-reallocr.o)
 .debug_aranges
                0x00000168       0x20 d:/backupc/altera/12.1/nios2eds/bin/gnu/h-i686-mingw32/bin/../lib/gcc/nios2-elf/4.1.2/../../../../nios2-elf/lib\libc.a(lib_a-sbrkr.o)
 .debug_aranges
                0x00000188       0x20 d:/backupc/altera/12.1/nios2eds/bin/gnu/h-i686-mingw32/bin/../lib/gcc/nios2-elf/4.1.2/../../../../nios2-elf/lib\libc.a(lib_a-wsetup.o)
 .debug_aranges
                0x000001a8       0x20 d:/backupc/altera/12.1/nios2eds/bin/gnu/h-i686-mingw32/bin/../lib/gcc/nios2-elf/4.1.2/../../../../nios2-elf/lib\libc.a(lib_a-fflush.o)
 .debug_aranges
                0x000001c8       0x20 d:/backupc/altera/12.1/nios2eds/bin/gnu/h-i686-mingw32/bin/../lib/gcc/nios2-elf/4.1.2/../../../../nios2-elf/lib\libc.a(lib_a-findfp.o)
 .debug_aranges
                0x000001e8       0x20 d:/backupc/altera/12.1/nios2eds/bin/gnu/h-i686-mingw32/bin/../lib/gcc/nios2-elf/4.1.2/../../../../nios2-elf/lib\libc.a(lib_a-freer.o)
 .debug_aranges
                0x00000208       0x20 d:/backupc/altera/12.1/nios2eds/bin/gnu/h-i686-mingw32/bin/../lib/gcc/nios2-elf/4.1.2/../../../../nios2-elf/lib\libc.a(lib_a-fwalk.o)
 .debug_aranges
                0x00000228       0x20 d:/backupc/altera/12.1/nios2eds/bin/gnu/h-i686-mingw32/bin/../lib/gcc/nios2-elf/4.1.2/../../../../nios2-elf/lib\libc.a(lib_a-makebuf.o)
 .debug_aranges
                0x00000248       0x20 d:/backupc/altera/12.1/nios2eds/bin/gnu/h-i686-mingw32/bin/../lib/gcc/nios2-elf/4.1.2/../../../../nios2-elf/lib\libc.a(lib_a-memset.o)
 .debug_aranges
                0x00000268       0x20 d:/backupc/altera/12.1/nios2eds/bin/gnu/h-i686-mingw32/bin/../lib/gcc/nios2-elf/4.1.2/../../../../nios2-elf/lib\libc.a(lib_a-stdio.o)
 .debug_aranges
                0x00000288       0x20 d:/backupc/altera/12.1/nios2eds/bin/gnu/h-i686-mingw32/bin/../lib/gcc/nios2-elf/4.1.2/../../../../nios2-elf/lib\libc.a(lib_a-writer.o)
 .debug_aranges
                0x000002a8       0x20 d:/backupc/altera/12.1/nios2eds/bin/gnu/h-i686-mingw32/bin/../lib/gcc/nios2-elf/4.1.2/../../../../nios2-elf/lib\libc.a(lib_a-closer.o)
 .debug_aranges
                0x000002c8       0x20 d:/backupc/altera/12.1/nios2eds/bin/gnu/h-i686-mingw32/bin/../lib/gcc/nios2-elf/4.1.2/../../../../nios2-elf/lib\libc.a(lib_a-fclose.o)
 .debug_aranges
                0x000002e8       0x20 d:/backupc/altera/12.1/nios2eds/bin/gnu/h-i686-mingw32/bin/../lib/gcc/nios2-elf/4.1.2/../../../../nios2-elf/lib\libc.a(lib_a-fstatr.o)
 .debug_aranges
                0x00000308       0x20 d:/backupc/altera/12.1/nios2eds/bin/gnu/h-i686-mingw32/bin/../lib/gcc/nios2-elf/4.1.2/../../../../nios2-elf/lib\libc.a(lib_a-isattyr.o)
 .debug_aranges
                0x00000328       0x20 d:/backupc/altera/12.1/nios2eds/bin/gnu/h-i686-mingw32/bin/../lib/gcc/nios2-elf/4.1.2/../../../../nios2-elf/lib\libc.a(lib_a-lseekr.o)
 .debug_aranges
                0x00000348       0x20 d:/backupc/altera/12.1/nios2eds/bin/gnu/h-i686-mingw32/bin/../lib/gcc/nios2-elf/4.1.2/../../../../nios2-elf/lib\libc.a(lib_a-readr.o)
 .debug_aranges
                0x00000368       0x20 ../Altera_lab3_bsp/\libhal_bsp.a(alt_close.o)
 .debug_aranges
                0x00000388       0x20 ../Altera_lab3_bsp/\libhal_bsp.a(alt_dev.o)
 .debug_aranges
                0x000003a8       0x20 ../Altera_lab3_bsp/\libhal_bsp.a(alt_fstat.o)
 .debug_aranges
                0x000003c8       0x20 ../Altera_lab3_bsp/\libhal_bsp.a(alt_isatty.o)
 .debug_aranges
                0x000003e8       0x20 ../Altera_lab3_bsp/\libhal_bsp.a(alt_load.o)
 .debug_aranges
                0x00000408       0x20 ../Altera_lab3_bsp/\libhal_bsp.a(alt_lseek.o)
 .debug_aranges
                0x00000428       0x20 ../Altera_lab3_bsp/\libhal_bsp.a(alt_main.o)
 .debug_aranges
                0x00000448       0x20 ../Altera_lab3_bsp/\libhal_bsp.a(alt_malloc_lock.o)
 .debug_aranges
                0x00000468       0x20 ../Altera_lab3_bsp/\libhal_bsp.a(alt_read.o)
 .debug_aranges
                0x00000488       0x20 ../Altera_lab3_bsp/\libhal_bsp.a(alt_release_fd.o)
 .debug_aranges
                0x000004a8       0x20 ../Altera_lab3_bsp/\libhal_bsp.a(alt_sbrk.o)
 .debug_aranges
                0x000004c8       0x20 ../Altera_lab3_bsp/\libhal_bsp.a(alt_write.o)
 .debug_aranges
                0x000004e8       0x20 ../Altera_lab3_bsp/\libhal_bsp.a(alt_sys_init.o)
 .debug_aranges
                0x00000508       0x20 ../Altera_lab3_bsp/\libhal_bsp.a(altera_avalon_jtag_uart_fd.o)
 .debug_aranges
                0x00000528       0x20 ../Altera_lab3_bsp/\libhal_bsp.a(altera_avalon_jtag_uart_init.o)
 .debug_aranges
                0x00000548       0x20 ../Altera_lab3_bsp/\libhal_bsp.a(altera_avalon_jtag_uart_ioctl.o)
 .debug_aranges
                0x00000568       0x20 ../Altera_lab3_bsp/\libhal_bsp.a(altera_avalon_jtag_uart_read.o)
 .debug_aranges
                0x00000588       0x20 ../Altera_lab3_bsp/\libhal_bsp.a(altera_avalon_jtag_uart_write.o)
 .debug_aranges
                0x000005a8       0x20 ../Altera_lab3_bsp/\libhal_bsp.a(alt_alarm_start.o)
 .debug_aranges
                0x000005c8       0x20 ../Altera_lab3_bsp/\libhal_bsp.a(alt_dcache_flush_all.o)
 .debug_aranges
                0x000005e8       0x20 ../Altera_lab3_bsp/\libhal_bsp.a(alt_dev_llist_insert.o)
 .debug_aranges
                0x00000608       0x20 ../Altera_lab3_bsp/\libhal_bsp.a(alt_do_ctors.o)
 .debug_aranges
                0x00000628       0x20 ../Altera_lab3_bsp/\libhal_bsp.a(alt_do_dtors.o)
 .debug_aranges
                0x00000648       0x20 ../Altera_lab3_bsp/\libhal_bsp.a(alt_icache_flush_all.o)
 .debug_aranges
                0x00000668       0x20 ../Altera_lab3_bsp/\libhal_bsp.a(alt_iic.o)
 .debug_aranges
                0x00000688       0x20 ../Altera_lab3_bsp/\libhal_bsp.a(alt_iic_isr_register.o)
 .debug_aranges
                0x000006a8       0x20 ../Altera_lab3_bsp/\libhal_bsp.a(alt_io_redirect.o)
 .debug_aranges
                0x000006c8       0x30 ../Altera_lab3_bsp/\libhal_bsp.a(alt_irq_entry.o)
 .debug_aranges
                0x000006f8       0x28 ../Altera_lab3_bsp/\libhal_bsp.a(alt_irq_handler.o)
 .debug_aranges
                0x00000720       0x20 ../Altera_lab3_bsp/\libhal_bsp.a(alt_open.o)
 .debug_aranges
                0x00000740       0x20 ../Altera_lab3_bsp/\libhal_bsp.a(alt_tick.o)
 .debug_aranges
                0x00000760       0x20 ../Altera_lab3_bsp/\libhal_bsp.a(altera_nios2_qsys_irq.o)
 .debug_aranges
                0x00000780       0x38 ../Altera_lab3_bsp/\libhal_bsp.a(alt_exception_entry.o)
 .debug_aranges
                0x000007b8       0x20 ../Altera_lab3_bsp/\libhal_bsp.a(alt_find_dev.o)
 .debug_aranges
                0x000007d8       0x20 ../Altera_lab3_bsp/\libhal_bsp.a(alt_find_file.o)
 .debug_aranges
                0x000007f8       0x20 ../Altera_lab3_bsp/\libhal_bsp.a(alt_get_fd.o)
 .debug_aranges
                0x00000818       0x20 ../Altera_lab3_bsp/\libhal_bsp.a(alt_icache_flush.o)
 .debug_aranges
                0x00000838       0x20 d:/backupc/altera/12.1/nios2eds/bin/gnu/h-i686-mingw32/bin/../lib/gcc/nios2-elf/4.1.2/../../../../nios2-elf/lib\libc.a(lib_a-atexit.o)
 .debug_aranges
                0x00000858       0x20 d:/backupc/altera/12.1/nios2eds/bin/gnu/h-i686-mingw32/bin/../lib/gcc/nios2-elf/4.1.2/../../../../nios2-elf/lib\libc.a(lib_a-exit.o)
 .debug_aranges
                0x00000878       0x20 d:/backupc/altera/12.1/nios2eds/bin/gnu/h-i686-mingw32/bin/../lib/gcc/nios2-elf/4.1.2/../../../../nios2-elf/lib\libc.a(lib_a-memcmp.o)
 .debug_aranges
                0x00000898       0x20 d:/backupc/altera/12.1/nios2eds/bin/gnu/h-i686-mingw32/bin/../lib/gcc/nios2-elf/4.1.2/../../../../nios2-elf/lib\libc.a(lib_a-__atexit.o)
 .debug_aranges
                0x000008b8       0x20 d:/backupc/altera/12.1/nios2eds/bin/gnu/h-i686-mingw32/bin/../lib/gcc/nios2-elf/4.1.2/../../../../nios2-elf/lib\libc.a(lib_a-__call_atexit.o)
 .debug_aranges
                0x000008d8       0x20 ../Altera_lab3_bsp/\libhal_bsp.a(alt_exit.o)

.debug_pubnames
                0x00000000      0xd80
 *(.debug_pubnames)
 .debug_pubnames
                0x00000000       0x31 obj/default/hello_world.o
 .debug_pubnames
                0x00000031       0x48 d:/backupc/altera/12.1/nios2eds/bin/gnu/h-i686-mingw32/bin/../lib/gcc/nios2-elf/4.1.2\libgcc.a(lib2-divmod.o)
 .debug_pubnames
                0x00000079       0x27 d:/backupc/altera/12.1/nios2eds/bin/gnu/h-i686-mingw32/bin/../lib/gcc/nios2-elf/4.1.2/../../../../nios2-elf/lib\libc.a(lib_a-puts.o)
 .debug_pubnames
                0x000000a0       0x1d d:/backupc/altera/12.1/nios2eds/bin/gnu/h-i686-mingw32/bin/../lib/gcc/nios2-elf/4.1.2/../../../../nios2-elf/lib\libc.a(lib_a-strlen.o)
 .debug_pubnames
                0x000000bd       0x23 d:/backupc/altera/12.1/nios2eds/bin/gnu/h-i686-mingw32/bin/../lib/gcc/nios2-elf/4.1.2/../../../../nios2-elf/lib\libc.a(lib_a-fvwrite.o)
 .debug_pubnames
                0x000000e0       0x39 d:/backupc/altera/12.1/nios2eds/bin/gnu/h-i686-mingw32/bin/../lib/gcc/nios2-elf/4.1.2/../../../../nios2-elf/lib\libc.a(lib_a-impure.o)
 .debug_pubnames
                0x00000119       0xce d:/backupc/altera/12.1/nios2eds/bin/gnu/h-i686-mingw32/bin/../lib/gcc/nios2-elf/4.1.2/../../../../nios2-elf/lib\libc.a(lib_a-mallocr.o)
 .debug_pubnames
                0x000001e7       0x1d d:/backupc/altera/12.1/nios2eds/bin/gnu/h-i686-mingw32/bin/../lib/gcc/nios2-elf/4.1.2/../../../../nios2-elf/lib\libc.a(lib_a-memchr.o)
 .debug_pubnames
                0x00000204       0x1d d:/backupc/altera/12.1/nios2eds/bin/gnu/h-i686-mingw32/bin/../lib/gcc/nios2-elf/4.1.2/../../../../nios2-elf/lib\libc.a(lib_a-memcpy.o)
 .debug_pubnames
                0x00000221       0x1e d:/backupc/altera/12.1/nios2eds/bin/gnu/h-i686-mingw32/bin/../lib/gcc/nios2-elf/4.1.2/../../../../nios2-elf/lib\libc.a(lib_a-memmove.o)
 .debug_pubnames
                0x0000023f       0x21 d:/backupc/altera/12.1/nios2eds/bin/gnu/h-i686-mingw32/bin/../lib/gcc/nios2-elf/4.1.2/../../../../nios2-elf/lib\libc.a(lib_a-reallocr.o)
 .debug_pubnames
                0x00000260       0x1e d:/backupc/altera/12.1/nios2eds/bin/gnu/h-i686-mingw32/bin/../lib/gcc/nios2-elf/4.1.2/../../../../nios2-elf/lib\libc.a(lib_a-sbrkr.o)
 .debug_pubnames
                0x0000027e       0x22 d:/backupc/altera/12.1/nios2eds/bin/gnu/h-i686-mingw32/bin/../lib/gcc/nios2-elf/4.1.2/../../../../nios2-elf/lib\libc.a(lib_a-wsetup.o)
 .debug_pubnames
                0x000002a0       0x2b d:/backupc/altera/12.1/nios2eds/bin/gnu/h-i686-mingw32/bin/../lib/gcc/nios2-elf/4.1.2/../../../../nios2-elf/lib\libc.a(lib_a-fflush.o)
 .debug_pubnames
                0x000002cb       0xdb d:/backupc/altera/12.1/nios2eds/bin/gnu/h-i686-mingw32/bin/../lib/gcc/nios2-elf/4.1.2/../../../../nios2-elf/lib\libc.a(lib_a-findfp.o)
 .debug_pubnames
                0x000003a6       0x31 d:/backupc/altera/12.1/nios2eds/bin/gnu/h-i686-mingw32/bin/../lib/gcc/nios2-elf/4.1.2/../../../../nios2-elf/lib\libc.a(lib_a-freer.o)
 .debug_pubnames
                0x000003d7       0x2e d:/backupc/altera/12.1/nios2eds/bin/gnu/h-i686-mingw32/bin/../lib/gcc/nios2-elf/4.1.2/../../../../nios2-elf/lib\libc.a(lib_a-fwalk.o)
 .debug_pubnames
                0x00000405       0x1c d:/backupc/altera/12.1/nios2eds/bin/gnu/h-i686-mingw32/bin/../lib/gcc/nios2-elf/4.1.2/../../../../nios2-elf/lib\libc.a(lib_a-int_errno.o)
 .debug_pubnames
                0x00000421       0x23 d:/backupc/altera/12.1/nios2eds/bin/gnu/h-i686-mingw32/bin/../lib/gcc/nios2-elf/4.1.2/../../../../nios2-elf/lib\libc.a(lib_a-makebuf.o)
 .debug_pubnames
                0x00000444       0x1d d:/backupc/altera/12.1/nios2eds/bin/gnu/h-i686-mingw32/bin/../lib/gcc/nios2-elf/4.1.2/../../../../nios2-elf/lib\libc.a(lib_a-memset.o)
 .debug_pubnames
                0x00000461       0x44 d:/backupc/altera/12.1/nios2eds/bin/gnu/h-i686-mingw32/bin/../lib/gcc/nios2-elf/4.1.2/../../../../nios2-elf/lib\libc.a(lib_a-stdio.o)
 .debug_pubnames
                0x000004a5       0x1f d:/backupc/altera/12.1/nios2eds/bin/gnu/h-i686-mingw32/bin/../lib/gcc/nios2-elf/4.1.2/../../../../nios2-elf/lib\libc.a(lib_a-writer.o)
 .debug_pubnames
                0x000004c4       0x1f d:/backupc/altera/12.1/nios2eds/bin/gnu/h-i686-mingw32/bin/../lib/gcc/nios2-elf/4.1.2/../../../../nios2-elf/lib\libc.a(lib_a-closer.o)
 .debug_pubnames
                0x000004e3       0x2b d:/backupc/altera/12.1/nios2eds/bin/gnu/h-i686-mingw32/bin/../lib/gcc/nios2-elf/4.1.2/../../../../nios2-elf/lib\libc.a(lib_a-fclose.o)
 .debug_pubnames
                0x0000050e       0x1f d:/backupc/altera/12.1/nios2eds/bin/gnu/h-i686-mingw32/bin/../lib/gcc/nios2-elf/4.1.2/../../../../nios2-elf/lib\libc.a(lib_a-fstatr.o)
 .debug_pubnames
                0x0000052d       0x20 d:/backupc/altera/12.1/nios2eds/bin/gnu/h-i686-mingw32/bin/../lib/gcc/nios2-elf/4.1.2/../../../../nios2-elf/lib\libc.a(lib_a-isattyr.o)
 .debug_pubnames
                0x0000054d       0x1f d:/backupc/altera/12.1/nios2eds/bin/gnu/h-i686-mingw32/bin/../lib/gcc/nios2-elf/4.1.2/../../../../nios2-elf/lib\libc.a(lib_a-lseekr.o)
 .debug_pubnames
                0x0000056c       0x1e d:/backupc/altera/12.1/nios2eds/bin/gnu/h-i686-mingw32/bin/../lib/gcc/nios2-elf/4.1.2/../../../../nios2-elf/lib\libc.a(lib_a-readr.o)
 .debug_pubnames
                0x0000058a       0x1c ../Altera_lab3_bsp/\libhal_bsp.a(alt_close.o)
 .debug_pubnames
                0x000005a6       0x63 ../Altera_lab3_bsp/\libhal_bsp.a(alt_dev.o)
 .debug_pubnames
                0x00000609       0x20 ../Altera_lab3_bsp/\libhal_bsp.a(alt_errno.o)
 .debug_pubnames
                0x00000629       0x1c ../Altera_lab3_bsp/\libhal_bsp.a(alt_fstat.o)
 .debug_pubnames
                0x00000645       0x1d ../Altera_lab3_bsp/\libhal_bsp.a(alt_isatty.o)
 .debug_pubnames
                0x00000662       0x1f ../Altera_lab3_bsp/\libhal_bsp.a(alt_load.o)
 .debug_pubnames
                0x00000681       0x1c ../Altera_lab3_bsp/\libhal_bsp.a(alt_lseek.o)
 .debug_pubnames
                0x0000069d       0x46 ../Altera_lab3_bsp/\libhal_bsp.a(alt_main.o)
 .debug_pubnames
                0x000006e3       0x38 ../Altera_lab3_bsp/\libhal_bsp.a(alt_malloc_lock.o)
 .debug_pubnames
                0x0000071b       0x1b ../Altera_lab3_bsp/\libhal_bsp.a(alt_read.o)
 .debug_pubnames
                0x00000736       0x25 ../Altera_lab3_bsp/\libhal_bsp.a(alt_release_fd.o)
 .debug_pubnames
                0x0000075b       0x1b ../Altera_lab3_bsp/\libhal_bsp.a(alt_sbrk.o)
 .debug_pubnames
                0x00000776       0x1c ../Altera_lab3_bsp/\libhal_bsp.a(alt_write.o)
 .debug_pubnames
                0x00000792       0x34 ../Altera_lab3_bsp/\libhal_bsp.a(alt_sys_init.o)
 .debug_pubnames
                0x000007c6       0xa5 ../Altera_lab3_bsp/\libhal_bsp.a(altera_avalon_jtag_uart_fd.o)
 .debug_pubnames
                0x0000086b       0x55 ../Altera_lab3_bsp/\libhal_bsp.a(altera_avalon_jtag_uart_init.o)
 .debug_pubnames
                0x000008c0       0x34 ../Altera_lab3_bsp/\libhal_bsp.a(altera_avalon_jtag_uart_ioctl.o)
 .debug_pubnames
                0x000008f4       0x33 ../Altera_lab3_bsp/\libhal_bsp.a(altera_avalon_jtag_uart_read.o)
 .debug_pubnames
                0x00000927       0x34 ../Altera_lab3_bsp/\libhal_bsp.a(altera_avalon_jtag_uart_write.o)
 .debug_pubnames
                0x0000095b       0x26 ../Altera_lab3_bsp/\libhal_bsp.a(alt_alarm_start.o)
 .debug_pubnames
                0x00000981       0x2b ../Altera_lab3_bsp/\libhal_bsp.a(alt_dcache_flush_all.o)
 .debug_pubnames
                0x000009ac       0x2b ../Altera_lab3_bsp/\libhal_bsp.a(alt_dev_llist_insert.o)
 .debug_pubnames
                0x000009d7       0x20 ../Altera_lab3_bsp/\libhal_bsp.a(alt_do_ctors.o)
 .debug_pubnames
                0x000009f7       0x20 ../Altera_lab3_bsp/\libhal_bsp.a(alt_do_dtors.o)
 .debug_pubnames
                0x00000a17       0x2b ../Altera_lab3_bsp/\libhal_bsp.a(alt_icache_flush_all.o)
 .debug_pubnames
                0x00000a42       0x6e ../Altera_lab3_bsp/\libhal_bsp.a(alt_iic.o)
 .debug_pubnames
                0x00000ab0       0x2b ../Altera_lab3_bsp/\libhal_bsp.a(alt_iic_isr_register.o)
 .debug_pubnames
                0x00000adb       0x26 ../Altera_lab3_bsp/\libhal_bsp.a(alt_io_redirect.o)
 .debug_pubnames
                0x00000b01       0x32 ../Altera_lab3_bsp/\libhal_bsp.a(alt_irq_handler.o)
 .debug_pubnames
                0x00000b33       0x3b ../Altera_lab3_bsp/\libhal_bsp.a(alt_irq_vars.o)
 .debug_pubnames
                0x00000b6e       0x1b ../Altera_lab3_bsp/\libhal_bsp.a(alt_open.o)
 .debug_pubnames
                0x00000b89       0x68 ../Altera_lab3_bsp/\libhal_bsp.a(alt_tick.o)
 .debug_pubnames
                0x00000bf1       0x31 ../Altera_lab3_bsp/\libhal_bsp.a(altera_nios2_qsys_irq.o)
 .debug_pubnames
                0x00000c22       0x23 ../Altera_lab3_bsp/\libhal_bsp.a(alt_find_dev.o)
 .debug_pubnames
                0x00000c45       0x24 ../Altera_lab3_bsp/\libhal_bsp.a(alt_find_file.o)
 .debug_pubnames
                0x00000c69       0x21 ../Altera_lab3_bsp/\libhal_bsp.a(alt_get_fd.o)
 .debug_pubnames
                0x00000c8a       0x27 ../Altera_lab3_bsp/\libhal_bsp.a(alt_icache_flush.o)
 .debug_pubnames
                0x00000cb1       0x2a d:/backupc/altera/12.1/nios2eds/bin/gnu/h-i686-mingw32/bin/../lib/gcc/nios2-elf/4.1.2/../../../../nios2-elf/lib\libc.a(lib_a-atexit.o)
 .debug_pubnames
                0x00000cdb       0x1b d:/backupc/altera/12.1/nios2eds/bin/gnu/h-i686-mingw32/bin/../lib/gcc/nios2-elf/4.1.2/../../../../nios2-elf/lib\libc.a(lib_a-exit.o)
 .debug_pubnames
                0x00000cf6       0x1d d:/backupc/altera/12.1/nios2eds/bin/gnu/h-i686-mingw32/bin/../lib/gcc/nios2-elf/4.1.2/../../../../nios2-elf/lib\libc.a(lib_a-memcmp.o)
 .debug_pubnames
                0x00000d13       0x2a d:/backupc/altera/12.1/nios2eds/bin/gnu/h-i686-mingw32/bin/../lib/gcc/nios2-elf/4.1.2/../../../../nios2-elf/lib\libc.a(lib_a-__atexit.o)
 .debug_pubnames
                0x00000d3d       0x27 d:/backupc/altera/12.1/nios2eds/bin/gnu/h-i686-mingw32/bin/../lib/gcc/nios2-elf/4.1.2/../../../../nios2-elf/lib\libc.a(lib_a-__call_atexit.o)
 .debug_pubnames
                0x00000d64       0x1c ../Altera_lab3_bsp/\libhal_bsp.a(alt_exit.o)

.debug_info     0x00000000    0x1963b
 *(.debug_info .gnu.linkonce.wi.*)
 .debug_info    0x00000000       0x6e ../Altera_lab3_bsp//obj/HAL/src/crt0.o
 .debug_info    0x0000006e      0x24e obj/default/hello_world.o
 .debug_info    0x000002bc      0x21c d:/backupc/altera/12.1/nios2eds/bin/gnu/h-i686-mingw32/bin/../lib/gcc/nios2-elf/4.1.2\libgcc.a(lib2-divmod.o)
 .debug_info    0x000004d8      0xa25 d:/backupc/altera/12.1/nios2eds/bin/gnu/h-i686-mingw32/bin/../lib/gcc/nios2-elf/4.1.2/../../../../nios2-elf/lib\libc.a(lib_a-puts.o)
 .debug_info    0x00000efd       0xdb d:/backupc/altera/12.1/nios2eds/bin/gnu/h-i686-mingw32/bin/../lib/gcc/nios2-elf/4.1.2/../../../../nios2-elf/lib\libc.a(lib_a-strlen.o)
 .debug_info    0x00000fd8      0xa88 d:/backupc/altera/12.1/nios2eds/bin/gnu/h-i686-mingw32/bin/../lib/gcc/nios2-elf/4.1.2/../../../../nios2-elf/lib\libc.a(lib_a-fvwrite.o)
 .debug_info    0x00001a60      0x93d d:/backupc/altera/12.1/nios2eds/bin/gnu/h-i686-mingw32/bin/../lib/gcc/nios2-elf/4.1.2/../../../../nios2-elf/lib\libc.a(lib_a-impure.o)
 .debug_info    0x0000239d      0xcd0 d:/backupc/altera/12.1/nios2eds/bin/gnu/h-i686-mingw32/bin/../lib/gcc/nios2-elf/4.1.2/../../../../nios2-elf/lib\libc.a(lib_a-mallocr.o)
 .debug_info    0x0000306d      0x138 d:/backupc/altera/12.1/nios2eds/bin/gnu/h-i686-mingw32/bin/../lib/gcc/nios2-elf/4.1.2/../../../../nios2-elf/lib\libc.a(lib_a-memchr.o)
 .debug_info    0x000031a5      0x106 d:/backupc/altera/12.1/nios2eds/bin/gnu/h-i686-mingw32/bin/../lib/gcc/nios2-elf/4.1.2/../../../../nios2-elf/lib\libc.a(lib_a-memcpy.o)
 .debug_info    0x000032ab      0x13e d:/backupc/altera/12.1/nios2eds/bin/gnu/h-i686-mingw32/bin/../lib/gcc/nios2-elf/4.1.2/../../../../nios2-elf/lib\libc.a(lib_a-memmove.o)
 .debug_info    0x000033e9      0xbd7 d:/backupc/altera/12.1/nios2eds/bin/gnu/h-i686-mingw32/bin/../lib/gcc/nios2-elf/4.1.2/../../../../nios2-elf/lib\libc.a(lib_a-reallocr.o)
 .debug_info    0x00003fc0      0x962 d:/backupc/altera/12.1/nios2eds/bin/gnu/h-i686-mingw32/bin/../lib/gcc/nios2-elf/4.1.2/../../../../nios2-elf/lib\libc.a(lib_a-sbrkr.o)
 .debug_info    0x00004922      0x95d d:/backupc/altera/12.1/nios2eds/bin/gnu/h-i686-mingw32/bin/../lib/gcc/nios2-elf/4.1.2/../../../../nios2-elf/lib\libc.a(lib_a-wsetup.o)
 .debug_info    0x0000527f      0x9fe d:/backupc/altera/12.1/nios2eds/bin/gnu/h-i686-mingw32/bin/../lib/gcc/nios2-elf/4.1.2/../../../../nios2-elf/lib\libc.a(lib_a-fflush.o)
 .debug_info    0x00005c7d      0xb72 d:/backupc/altera/12.1/nios2eds/bin/gnu/h-i686-mingw32/bin/../lib/gcc/nios2-elf/4.1.2/../../../../nios2-elf/lib\libc.a(lib_a-findfp.o)
 .debug_info    0x000067ef      0xbc9 d:/backupc/altera/12.1/nios2eds/bin/gnu/h-i686-mingw32/bin/../lib/gcc/nios2-elf/4.1.2/../../../../nios2-elf/lib\libc.a(lib_a-freer.o)
 .debug_info    0x000073b8      0xaed d:/backupc/altera/12.1/nios2eds/bin/gnu/h-i686-mingw32/bin/../lib/gcc/nios2-elf/4.1.2/../../../../nios2-elf/lib\libc.a(lib_a-fwalk.o)
 .debug_info    0x00007ea5       0x8c d:/backupc/altera/12.1/nios2eds/bin/gnu/h-i686-mingw32/bin/../lib/gcc/nios2-elf/4.1.2/../../../../nios2-elf/lib\libc.a(lib_a-int_errno.o)
 .debug_info    0x00007f31      0xb1a d:/backupc/altera/12.1/nios2eds/bin/gnu/h-i686-mingw32/bin/../lib/gcc/nios2-elf/4.1.2/../../../../nios2-elf/lib\libc.a(lib_a-makebuf.o)
 .debug_info    0x00008a4b      0x113 d:/backupc/altera/12.1/nios2eds/bin/gnu/h-i686-mingw32/bin/../lib/gcc/nios2-elf/4.1.2/../../../../nios2-elf/lib\libc.a(lib_a-memset.o)
 .debug_info    0x00008b5e      0xaac d:/backupc/altera/12.1/nios2eds/bin/gnu/h-i686-mingw32/bin/../lib/gcc/nios2-elf/4.1.2/../../../../nios2-elf/lib\libc.a(lib_a-stdio.o)
 .debug_info    0x0000960a      0x993 d:/backupc/altera/12.1/nios2eds/bin/gnu/h-i686-mingw32/bin/../lib/gcc/nios2-elf/4.1.2/../../../../nios2-elf/lib\libc.a(lib_a-writer.o)
 .debug_info    0x00009f9d      0x958 d:/backupc/altera/12.1/nios2eds/bin/gnu/h-i686-mingw32/bin/../lib/gcc/nios2-elf/4.1.2/../../../../nios2-elf/lib\libc.a(lib_a-closer.o)
 .debug_info    0x0000a8f5      0x994 d:/backupc/altera/12.1/nios2eds/bin/gnu/h-i686-mingw32/bin/../lib/gcc/nios2-elf/4.1.2/../../../../nios2-elf/lib\libc.a(lib_a-fclose.o)
 .debug_info    0x0000b289      0xafc d:/backupc/altera/12.1/nios2eds/bin/gnu/h-i686-mingw32/bin/../lib/gcc/nios2-elf/4.1.2/../../../../nios2-elf/lib\libc.a(lib_a-fstatr.o)
 .debug_info    0x0000bd85      0x958 d:/backupc/altera/12.1/nios2eds/bin/gnu/h-i686-mingw32/bin/../lib/gcc/nios2-elf/4.1.2/../../../../nios2-elf/lib\libc.a(lib_a-isattyr.o)
 .debug_info    0x0000c6dd      0x981 d:/backupc/altera/12.1/nios2eds/bin/gnu/h-i686-mingw32/bin/../lib/gcc/nios2-elf/4.1.2/../../../../nios2-elf/lib\libc.a(lib_a-lseekr.o)
 .debug_info    0x0000d05e      0x98c d:/backupc/altera/12.1/nios2eds/bin/gnu/h-i686-mingw32/bin/../lib/gcc/nios2-elf/4.1.2/../../../../nios2-elf/lib\libc.a(lib_a-readr.o)
 .debug_info    0x0000d9ea      0x45a ../Altera_lab3_bsp/\libhal_bsp.a(alt_close.o)
 .debug_info    0x0000de44      0x672 ../Altera_lab3_bsp/\libhal_bsp.a(alt_dev.o)
 .debug_info    0x0000e4b6      0x157 ../Altera_lab3_bsp/\libhal_bsp.a(alt_errno.o)
 .debug_info    0x0000e60d      0x653 ../Altera_lab3_bsp/\libhal_bsp.a(alt_fstat.o)
 .debug_info    0x0000ec60      0x659 ../Altera_lab3_bsp/\libhal_bsp.a(alt_isatty.o)
 .debug_info    0x0000f2b9      0x280 ../Altera_lab3_bsp/\libhal_bsp.a(alt_load.o)
 .debug_info    0x0000f539      0x48d ../Altera_lab3_bsp/\libhal_bsp.a(alt_lseek.o)
 .debug_info    0x0000f9c6      0x218 ../Altera_lab3_bsp/\libhal_bsp.a(alt_main.o)
 .debug_info    0x0000fbde      0xc0b ../Altera_lab3_bsp/\libhal_bsp.a(alt_malloc_lock.o)
 .debug_info    0x000107e9      0x67d ../Altera_lab3_bsp/\libhal_bsp.a(alt_read.o)
 .debug_info    0x00010e66      0x3e5 ../Altera_lab3_bsp/\libhal_bsp.a(alt_release_fd.o)
 .debug_info    0x0001124b      0x2aa ../Altera_lab3_bsp/\libhal_bsp.a(alt_sbrk.o)
 .debug_info    0x000114f5      0x686 ../Altera_lab3_bsp/\libhal_bsp.a(alt_write.o)
 .debug_info    0x00011b7b      0x6c9 ../Altera_lab3_bsp/\libhal_bsp.a(alt_sys_init.o)
 .debug_info    0x00012244      0x7cc ../Altera_lab3_bsp/\libhal_bsp.a(altera_avalon_jtag_uart_fd.o)
 .debug_info    0x00012a10      0x5f4 ../Altera_lab3_bsp/\libhal_bsp.a(altera_avalon_jtag_uart_init.o)
 .debug_info    0x00013004      0x436 ../Altera_lab3_bsp/\libhal_bsp.a(altera_avalon_jtag_uart_ioctl.o)
 .debug_info    0x0001343a      0x539 ../Altera_lab3_bsp/\libhal_bsp.a(altera_avalon_jtag_uart_read.o)
 .debug_info    0x00013973      0x531 ../Altera_lab3_bsp/\libhal_bsp.a(altera_avalon_jtag_uart_write.o)
 .debug_info    0x00013ea4      0x435 ../Altera_lab3_bsp/\libhal_bsp.a(alt_alarm_start.o)
 .debug_info    0x000142d9      0x162 ../Altera_lab3_bsp/\libhal_bsp.a(alt_dcache_flush_all.o)
 .debug_info    0x0001443b      0x2aa ../Altera_lab3_bsp/\libhal_bsp.a(alt_dev_llist_insert.o)
 .debug_info    0x000146e5      0x102 ../Altera_lab3_bsp/\libhal_bsp.a(alt_do_ctors.o)
 .debug_info    0x000147e7      0x101 ../Altera_lab3_bsp/\libhal_bsp.a(alt_do_dtors.o)
 .debug_info    0x000148e8      0x14f ../Altera_lab3_bsp/\libhal_bsp.a(alt_icache_flush_all.o)
 .debug_info    0x00014a37      0x486 ../Altera_lab3_bsp/\libhal_bsp.a(alt_iic.o)
 .debug_info    0x00014ebd      0x307 ../Altera_lab3_bsp/\libhal_bsp.a(alt_iic_isr_register.o)
 .debug_info    0x000151c4      0x688 ../Altera_lab3_bsp/\libhal_bsp.a(alt_io_redirect.o)
 .debug_info    0x0001584c       0x77 ../Altera_lab3_bsp/\libhal_bsp.a(alt_irq_entry.o)
 .debug_info    0x000158c3      0x268 ../Altera_lab3_bsp/\libhal_bsp.a(alt_irq_handler.o)
 .debug_info    0x00015b2b      0x15a ../Altera_lab3_bsp/\libhal_bsp.a(alt_irq_vars.o)
 .debug_info    0x00015c85      0x518 ../Altera_lab3_bsp/\libhal_bsp.a(alt_open.o)
 .debug_info    0x0001619d      0x3f1 ../Altera_lab3_bsp/\libhal_bsp.a(alt_tick.o)
 .debug_info    0x0001658e      0x156 ../Altera_lab3_bsp/\libhal_bsp.a(altera_nios2_qsys_irq.o)
 .debug_info    0x000166e4       0x7d ../Altera_lab3_bsp/\libhal_bsp.a(alt_exception_entry.o)
 .debug_info    0x00016761      0x40b ../Altera_lab3_bsp/\libhal_bsp.a(alt_find_dev.o)
 .debug_info    0x00016b6c      0x412 ../Altera_lab3_bsp/\libhal_bsp.a(alt_find_file.o)
 .debug_info    0x00016f7e      0x453 ../Altera_lab3_bsp/\libhal_bsp.a(alt_get_fd.o)
 .debug_info    0x000173d1      0x197 ../Altera_lab3_bsp/\libhal_bsp.a(alt_icache_flush.o)
 .debug_info    0x00017568      0x181 d:/backupc/altera/12.1/nios2eds/bin/gnu/h-i686-mingw32/bin/../lib/gcc/nios2-elf/4.1.2/../../../../nios2-elf/lib\libc.a(lib_a-atexit.o)
 .debug_info    0x000176e9      0x93f d:/backupc/altera/12.1/nios2eds/bin/gnu/h-i686-mingw32/bin/../lib/gcc/nios2-elf/4.1.2/../../../../nios2-elf/lib\libc.a(lib_a-exit.o)
 .debug_info    0x00018028      0x115 d:/backupc/altera/12.1/nios2eds/bin/gnu/h-i686-mingw32/bin/../lib/gcc/nios2-elf/4.1.2/../../../../nios2-elf/lib\libc.a(lib_a-memcmp.o)
 .debug_info    0x0001813d      0x99c d:/backupc/altera/12.1/nios2eds/bin/gnu/h-i686-mingw32/bin/../lib/gcc/nios2-elf/4.1.2/../../../../nios2-elf/lib\libc.a(lib_a-__atexit.o)
 .debug_info    0x00018ad9      0x9e2 d:/backupc/altera/12.1/nios2eds/bin/gnu/h-i686-mingw32/bin/../lib/gcc/nios2-elf/4.1.2/../../../../nios2-elf/lib\libc.a(lib_a-__call_atexit.o)
 .debug_info    0x000194bb      0x180 ../Altera_lab3_bsp/\libhal_bsp.a(alt_exit.o)

.debug_abbrev   0x00000000     0x4f1c
 *(.debug_abbrev)
 .debug_abbrev  0x00000000       0x12 ../Altera_lab3_bsp//obj/HAL/src/crt0.o
 .debug_abbrev  0x00000012       0x98 obj/default/hello_world.o
 .debug_abbrev  0x000000aa       0xe0 d:/backupc/altera/12.1/nios2eds/bin/gnu/h-i686-mingw32/bin/../lib/gcc/nios2-elf/4.1.2\libgcc.a(lib2-divmod.o)
 .debug_abbrev  0x0000018a      0x1ac d:/backupc/altera/12.1/nios2eds/bin/gnu/h-i686-mingw32/bin/../lib/gcc/nios2-elf/4.1.2/../../../../nios2-elf/lib\libc.a(lib_a-puts.o)
 .debug_abbrev  0x00000336       0x8b d:/backupc/altera/12.1/nios2eds/bin/gnu/h-i686-mingw32/bin/../lib/gcc/nios2-elf/4.1.2/../../../../nios2-elf/lib\libc.a(lib_a-strlen.o)
 .debug_abbrev  0x000003c1      0x1a3 d:/backupc/altera/12.1/nios2eds/bin/gnu/h-i686-mingw32/bin/../lib/gcc/nios2-elf/4.1.2/../../../../nios2-elf/lib\libc.a(lib_a-fvwrite.o)
 .debug_abbrev  0x00000564      0x157 d:/backupc/altera/12.1/nios2eds/bin/gnu/h-i686-mingw32/bin/../lib/gcc/nios2-elf/4.1.2/../../../../nios2-elf/lib\libc.a(lib_a-impure.o)
 .debug_abbrev  0x000006bb      0x216 d:/backupc/altera/12.1/nios2eds/bin/gnu/h-i686-mingw32/bin/../lib/gcc/nios2-elf/4.1.2/../../../../nios2-elf/lib\libc.a(lib_a-mallocr.o)
 .debug_abbrev  0x000008d1       0xb5 d:/backupc/altera/12.1/nios2eds/bin/gnu/h-i686-mingw32/bin/../lib/gcc/nios2-elf/4.1.2/../../../../nios2-elf/lib\libc.a(lib_a-memchr.o)
 .debug_abbrev  0x00000986       0xb5 d:/backupc/altera/12.1/nios2eds/bin/gnu/h-i686-mingw32/bin/../lib/gcc/nios2-elf/4.1.2/../../../../nios2-elf/lib\libc.a(lib_a-memcpy.o)
 .debug_abbrev  0x00000a3b       0xb5 d:/backupc/altera/12.1/nios2eds/bin/gnu/h-i686-mingw32/bin/../lib/gcc/nios2-elf/4.1.2/../../../../nios2-elf/lib\libc.a(lib_a-memmove.o)
 .debug_abbrev  0x00000af0      0x1c3 d:/backupc/altera/12.1/nios2eds/bin/gnu/h-i686-mingw32/bin/../lib/gcc/nios2-elf/4.1.2/../../../../nios2-elf/lib\libc.a(lib_a-reallocr.o)
 .debug_abbrev  0x00000cb3      0x18c d:/backupc/altera/12.1/nios2eds/bin/gnu/h-i686-mingw32/bin/../lib/gcc/nios2-elf/4.1.2/../../../../nios2-elf/lib\libc.a(lib_a-sbrkr.o)
 .debug_abbrev  0x00000e3f      0x170 d:/backupc/altera/12.1/nios2eds/bin/gnu/h-i686-mingw32/bin/../lib/gcc/nios2-elf/4.1.2/../../../../nios2-elf/lib\libc.a(lib_a-wsetup.o)
 .debug_abbrev  0x00000faf      0x1c6 d:/backupc/altera/12.1/nios2eds/bin/gnu/h-i686-mingw32/bin/../lib/gcc/nios2-elf/4.1.2/../../../../nios2-elf/lib\libc.a(lib_a-fflush.o)
 .debug_abbrev  0x00001175      0x24c d:/backupc/altera/12.1/nios2eds/bin/gnu/h-i686-mingw32/bin/../lib/gcc/nios2-elf/4.1.2/../../../../nios2-elf/lib\libc.a(lib_a-findfp.o)
 .debug_abbrev  0x000013c1      0x1d9 d:/backupc/altera/12.1/nios2eds/bin/gnu/h-i686-mingw32/bin/../lib/gcc/nios2-elf/4.1.2/../../../../nios2-elf/lib\libc.a(lib_a-freer.o)
 .debug_abbrev  0x0000159a      0x1e3 d:/backupc/altera/12.1/nios2eds/bin/gnu/h-i686-mingw32/bin/../lib/gcc/nios2-elf/4.1.2/../../../../nios2-elf/lib\libc.a(lib_a-fwalk.o)
 .debug_abbrev  0x0000177d       0x3b d:/backupc/altera/12.1/nios2eds/bin/gnu/h-i686-mingw32/bin/../lib/gcc/nios2-elf/4.1.2/../../../../nios2-elf/lib\libc.a(lib_a-int_errno.o)
 .debug_abbrev  0x000017b8      0x197 d:/backupc/altera/12.1/nios2eds/bin/gnu/h-i686-mingw32/bin/../lib/gcc/nios2-elf/4.1.2/../../../../nios2-elf/lib\libc.a(lib_a-makebuf.o)
 .debug_abbrev  0x0000194f       0xb8 d:/backupc/altera/12.1/nios2eds/bin/gnu/h-i686-mingw32/bin/../lib/gcc/nios2-elf/4.1.2/../../../../nios2-elf/lib\libc.a(lib_a-memset.o)
 .debug_abbrev  0x00001a07      0x1c9 d:/backupc/altera/12.1/nios2eds/bin/gnu/h-i686-mingw32/bin/../lib/gcc/nios2-elf/4.1.2/../../../../nios2-elf/lib\libc.a(lib_a-stdio.o)
 .debug_abbrev  0x00001bd0      0x184 d:/backupc/altera/12.1/nios2eds/bin/gnu/h-i686-mingw32/bin/../lib/gcc/nios2-elf/4.1.2/../../../../nios2-elf/lib\libc.a(lib_a-writer.o)
 .debug_abbrev  0x00001d54      0x17f d:/backupc/altera/12.1/nios2eds/bin/gnu/h-i686-mingw32/bin/../lib/gcc/nios2-elf/4.1.2/../../../../nios2-elf/lib\libc.a(lib_a-closer.o)
 .debug_abbrev  0x00001ed3      0x1a7 d:/backupc/altera/12.1/nios2eds/bin/gnu/h-i686-mingw32/bin/../lib/gcc/nios2-elf/4.1.2/../../../../nios2-elf/lib\libc.a(lib_a-fclose.o)
 .debug_abbrev  0x0000207a      0x18e d:/backupc/altera/12.1/nios2eds/bin/gnu/h-i686-mingw32/bin/../lib/gcc/nios2-elf/4.1.2/../../../../nios2-elf/lib\libc.a(lib_a-fstatr.o)
 .debug_abbrev  0x00002208      0x17f d:/backupc/altera/12.1/nios2eds/bin/gnu/h-i686-mingw32/bin/../lib/gcc/nios2-elf/4.1.2/../../../../nios2-elf/lib\libc.a(lib_a-isattyr.o)
 .debug_abbrev  0x00002387      0x18e d:/backupc/altera/12.1/nios2eds/bin/gnu/h-i686-mingw32/bin/../lib/gcc/nios2-elf/4.1.2/../../../../nios2-elf/lib\libc.a(lib_a-lseekr.o)
 .debug_abbrev  0x00002515      0x17f d:/backupc/altera/12.1/nios2eds/bin/gnu/h-i686-mingw32/bin/../lib/gcc/nios2-elf/4.1.2/../../../../nios2-elf/lib\libc.a(lib_a-readr.o)
 .debug_abbrev  0x00002694       0xfb ../Altera_lab3_bsp/\libhal_bsp.a(alt_close.o)
 .debug_abbrev  0x0000278f       0xc7 ../Altera_lab3_bsp/\libhal_bsp.a(alt_dev.o)
 .debug_abbrev  0x00002856       0x5e ../Altera_lab3_bsp/\libhal_bsp.a(alt_errno.o)
 .debug_abbrev  0x000028b4       0xfb ../Altera_lab3_bsp/\libhal_bsp.a(alt_fstat.o)
 .debug_abbrev  0x000029af       0xfb ../Altera_lab3_bsp/\libhal_bsp.a(alt_isatty.o)
 .debug_abbrev  0x00002aaa       0x88 ../Altera_lab3_bsp/\libhal_bsp.a(alt_load.o)
 .debug_abbrev  0x00002b32       0xfb ../Altera_lab3_bsp/\libhal_bsp.a(alt_lseek.o)
 .debug_abbrev  0x00002c2d       0xb7 ../Altera_lab3_bsp/\libhal_bsp.a(alt_main.o)
 .debug_abbrev  0x00002ce4      0x181 ../Altera_lab3_bsp/\libhal_bsp.a(alt_malloc_lock.o)
 .debug_abbrev  0x00002e65       0xfb ../Altera_lab3_bsp/\libhal_bsp.a(alt_read.o)
 .debug_abbrev  0x00002f60       0xc1 ../Altera_lab3_bsp/\libhal_bsp.a(alt_release_fd.o)
 .debug_abbrev  0x00003021      0x115 ../Altera_lab3_bsp/\libhal_bsp.a(alt_sbrk.o)
 .debug_abbrev  0x00003136      0x100 ../Altera_lab3_bsp/\libhal_bsp.a(alt_write.o)
 .debug_abbrev  0x00003236      0x142 ../Altera_lab3_bsp/\libhal_bsp.a(alt_sys_init.o)
 .debug_abbrev  0x00003378       0xf7 ../Altera_lab3_bsp/\libhal_bsp.a(altera_avalon_jtag_uart_fd.o)
 .debug_abbrev  0x0000346f      0x17c ../Altera_lab3_bsp/\libhal_bsp.a(altera_avalon_jtag_uart_init.o)
 .debug_abbrev  0x000035eb       0xf0 ../Altera_lab3_bsp/\libhal_bsp.a(altera_avalon_jtag_uart_ioctl.o)
 .debug_abbrev  0x000036db      0x191 ../Altera_lab3_bsp/\libhal_bsp.a(altera_avalon_jtag_uart_read.o)
 .debug_abbrev  0x0000386c      0x18d ../Altera_lab3_bsp/\libhal_bsp.a(altera_avalon_jtag_uart_write.o)
 .debug_abbrev  0x000039f9      0x172 ../Altera_lab3_bsp/\libhal_bsp.a(alt_alarm_start.o)
 .debug_abbrev  0x00003b6b       0x57 ../Altera_lab3_bsp/\libhal_bsp.a(alt_dcache_flush_all.o)
 .debug_abbrev  0x00003bc2       0xf6 ../Altera_lab3_bsp/\libhal_bsp.a(alt_dev_llist_insert.o)
 .debug_abbrev  0x00003cb8       0x76 ../Altera_lab3_bsp/\libhal_bsp.a(alt_do_ctors.o)
 .debug_abbrev  0x00003d2e       0x76 ../Altera_lab3_bsp/\libhal_bsp.a(alt_do_dtors.o)
 .debug_abbrev  0x00003da4       0x3f ../Altera_lab3_bsp/\libhal_bsp.a(alt_icache_flush_all.o)
 .debug_abbrev  0x00003de3      0x134 ../Altera_lab3_bsp/\libhal_bsp.a(alt_iic.o)
 .debug_abbrev  0x00003f17      0x14e ../Altera_lab3_bsp/\libhal_bsp.a(alt_iic_isr_register.o)
 .debug_abbrev  0x00004065       0xf0 ../Altera_lab3_bsp/\libhal_bsp.a(alt_io_redirect.o)
 .debug_abbrev  0x00004155       0x12 ../Altera_lab3_bsp/\libhal_bsp.a(alt_irq_entry.o)
 .debug_abbrev  0x00004167      0x10c ../Altera_lab3_bsp/\libhal_bsp.a(alt_irq_handler.o)
 .debug_abbrev  0x00004273       0x44 ../Altera_lab3_bsp/\libhal_bsp.a(alt_irq_vars.o)
 .debug_abbrev  0x000042b7      0x112 ../Altera_lab3_bsp/\libhal_bsp.a(alt_open.o)
 .debug_abbrev  0x000043c9      0x150 ../Altera_lab3_bsp/\libhal_bsp.a(alt_tick.o)
 .debug_abbrev  0x00004519       0x3f ../Altera_lab3_bsp/\libhal_bsp.a(altera_nios2_qsys_irq.o)
 .debug_abbrev  0x00004558       0x12 ../Altera_lab3_bsp/\libhal_bsp.a(alt_exception_entry.o)
 .debug_abbrev  0x0000456a       0xcf ../Altera_lab3_bsp/\libhal_bsp.a(alt_find_dev.o)
 .debug_abbrev  0x00004639       0xcf ../Altera_lab3_bsp/\libhal_bsp.a(alt_find_file.o)
 .debug_abbrev  0x00004708       0xfb ../Altera_lab3_bsp/\libhal_bsp.a(alt_get_fd.o)
 .debug_abbrev  0x00004803       0x7a ../Altera_lab3_bsp/\libhal_bsp.a(alt_icache_flush.o)
 .debug_abbrev  0x0000487d       0xb7 d:/backupc/altera/12.1/nios2eds/bin/gnu/h-i686-mingw32/bin/../lib/gcc/nios2-elf/4.1.2/../../../../nios2-elf/lib\libc.a(lib_a-atexit.o)
 .debug_abbrev  0x00004934      0x16e d:/backupc/altera/12.1/nios2eds/bin/gnu/h-i686-mingw32/bin/../lib/gcc/nios2-elf/4.1.2/../../../../nios2-elf/lib\libc.a(lib_a-exit.o)
 .debug_abbrev  0x00004aa2       0x7c d:/backupc/altera/12.1/nios2eds/bin/gnu/h-i686-mingw32/bin/../lib/gcc/nios2-elf/4.1.2/../../../../nios2-elf/lib\libc.a(lib_a-memcmp.o)
 .debug_abbrev  0x00004b1e      0x1ae d:/backupc/altera/12.1/nios2eds/bin/gnu/h-i686-mingw32/bin/../lib/gcc/nios2-elf/4.1.2/../../../../nios2-elf/lib\libc.a(lib_a-__atexit.o)
 .debug_abbrev  0x00004ccc      0x1de d:/backupc/altera/12.1/nios2eds/bin/gnu/h-i686-mingw32/bin/../lib/gcc/nios2-elf/4.1.2/../../../../nios2-elf/lib\libc.a(lib_a-__call_atexit.o)
 .debug_abbrev  0x00004eaa       0x72 ../Altera_lab3_bsp/\libhal_bsp.a(alt_exit.o)

.debug_line     0x00000000     0xc928
 *(.debug_line)
 .debug_line    0x00000000       0x72 ../Altera_lab3_bsp//obj/HAL/src/crt0.o
 .debug_line    0x00000072      0x2ef obj/default/hello_world.o